2026-03-11 15:04:34,063 - INFO - Starting Core Market Data Ingestion Pipeline...
2026-03-11 15:04:34,064 - INFO - Ingesting AAPL for stocks...
2026-03-11 15:04:34,849 - INFO - Successfully saved 1555 rows to data_lake/raw/market_data\stocks\AAPL.parquet
2026-03-11 15:04:34,849 - INFO - Ingesting MSFT for stocks...
2026-03-11 15:04:35,188 - INFO - Successfully saved 1555 rows to data_lake/raw/market_data\stocks\MSFT.parquet
2026-03-11 15:04:35,188 - INFO - Ingesting GOOGL for stocks...
2026-03-11 15:04:35,425 - INFO - Successfully saved 1555 rows to data_lake/raw/market_data\stocks\GOOGL.parquet
2026-03-11 15:04:35,425 - INFO - Ingesting AMZN for stocks...
2026-03-11 15:04:35,519 - INFO - Successfully saved 1555 rows to data_lake/raw/market_data\stocks\AMZN.parquet
2026-03-11 15:04:35,519 - INFO - Ingesting NVDA for stocks...
2026-03-11 15:04:35,830 - INFO - Successfully saved 1555 rows to data_lake/raw/market_data\stocks\NVDA.parquet
2026-03-11 15:04:35,830 - INFO - Ingesting META for stocks...
2026-03-11 15:04:35,938 - INFO - Successfully saved 1555 rows to data_lake/raw/market_data\stocks\META.parquet
2026-03-11 15:04:35,938 - INFO - Ingesting TSLA for stocks...
2026-03-11 15:04:36,142 - INFO - Successfully saved 1555 rows to data_lake/raw/market_data\stocks\TSLA.parquet
2026-03-11 15:04:36,142 - INFO - Ingesting JPM for stocks...
2026-03-11 15:04:36,402 - INFO - Successfully saved 1555 rows to data_lake/raw/market_data\stocks\JPM.parquet
2026-03-11 15:04:36,402 - INFO - Ingesting JNJ for stocks...
2026-03-11 15:04:36,625 - INFO - Successfully saved 1555 rows to data_lake/raw/market_data\stocks\JNJ.parquet
2026-03-11 15:04:36,625 - INFO - Ingesting V for stocks...
2026-03-11 15:04:36,729 - INFO - Successfully saved 1555 rows to data_lake/raw/market_data\stocks\V.parquet
2026-03-11 15:04:36,729 - INFO - Ingesting PLTR for penny_stocks...
2026-03-11 15:04:36,845 - INFO - Successfully saved 1367 rows to data_lake/raw/market_data\penny_stocks\PLTR.parquet
2026-03-11 15:04:36,845 - INFO - Ingesting SOFI for penny_stocks...
2026-03-11 15:04:36,919 - INFO - Successfully saved 1302 rows to data_lake/raw/market_data\penny_stocks\SOFI.parquet
2026-03-11 15:04:36,919 - INFO - Ingesting RIVN for penny_stocks...
2026-03-11 15:04:37,027 - INFO - Successfully saved 1086 rows to data_lake/raw/market_data\penny_stocks\RIVN.parquet
2026-03-11 15:04:37,028 - INFO - Ingesting LCID for penny_stocks...
2026-03-11 15:04:37,110 - INFO - Successfully saved 1375 rows to data_lake/raw/market_data\penny_stocks\LCID.parquet
2026-03-11 15:04:37,110 - INFO - Ingesting RIOT for penny_stocks...
2026-03-11 15:04:37,228 - INFO - Successfully saved 1555 rows to data_lake/raw/market_data\penny_stocks\RIOT.parquet
2026-03-11 15:04:37,228 - INFO - Ingesting MARA for penny_stocks...
2026-03-11 15:04:37,313 - INFO - Successfully saved 1555 rows to data_lake/raw/market_data\penny_stocks\MARA.parquet
2026-03-11 15:04:37,314 - INFO - Ingesting MSTR for penny_stocks...
2026-03-11 15:04:37,464 - INFO - Successfully saved 1555 rows to data_lake/raw/market_data\penny_stocks\MSTR.parquet
2026-03-11 15:04:37,465 - INFO - Ingesting OPEN for penny_stocks...
2026-03-11 15:04:37,583 - INFO - Successfully saved 1439 rows to data_lake/raw/market_data\penny_stocks\OPEN.parquet
2026-03-11 15:04:37,583 - INFO - Ingesting DKNG for penny_stocks...
2026-03-11 15:04:37,706 - INFO - Successfully saved 1555 rows to data_lake/raw/market_data\penny_stocks\DKNG.parquet
2026-03-11 15:04:37,707 - INFO - Ingesting CVNA for penny_stocks...
2026-03-11 15:04:37,940 - INFO - Successfully saved 1555 rows to data_lake/raw/market_data\penny_stocks\CVNA.parquet
2026-03-11 15:04:37,940 - INFO - Ingesting SPY for etfs...
2026-03-11 15:04:38,125 - INFO - Successfully saved 1555 rows to data_lake/raw/market_data\etfs\SPY.parquet
2026-03-11 15:04:38,125 - INFO - Ingesting QQQ for etfs...
2026-03-11 15:04:38,336 - INFO - Successfully saved 1555 rows to data_lake/raw/market_data\etfs\QQQ.parquet
2026-03-11 15:04:38,336 - INFO - Ingesting IWM for etfs...
2026-03-11 15:04:38,450 - INFO - Successfully saved 1555 rows to data_lake/raw/market_data\etfs\IWM.parquet
2026-03-11 15:04:38,450 - INFO - Ingesting EFA for etfs...
2026-03-11 15:04:38,594 - INFO - Successfully saved 1555 rows to data_lake/raw/market_data\etfs\EFA.parquet
2026-03-11 15:04:38,594 - INFO - Ingesting EEM for etfs...
2026-03-11 15:04:38,864 - INFO - Successfully saved 1555 rows to data_lake/raw/market_data\etfs\EEM.parquet
2026-03-11 15:04:38,864 - INFO - Ingesting AGG for etfs...
2026-03-11 15:04:39,160 - INFO - Successfully saved 1555 rows to data_lake/raw/market_data\etfs\AGG.parquet
2026-03-11 15:04:39,160 - INFO - Ingesting GLD for etfs...
2026-03-11 15:04:39,272 - INFO - Successfully saved 1555 rows to data_lake/raw/market_data\etfs\GLD.parquet
2026-03-11 15:04:39,272 - INFO - Ingesting USO for etfs...
2026-03-11 15:04:39,454 - INFO - Successfully saved 1555 rows to data_lake/raw/market_data\etfs\USO.parquet
2026-03-11 15:04:39,454 - INFO - Ingesting VNQ for etfs...
2026-03-11 15:04:39,687 - INFO - Successfully saved 1555 rows to data_lake/raw/market_data\etfs\VNQ.parquet
2026-03-11 15:04:39,687 - INFO - Ingesting XLF for etfs...
2026-03-11 15:04:39,870 - INFO - Successfully saved 1555 rows to data_lake/raw/market_data\etfs\XLF.parquet
2026-03-11 15:04:39,871 - INFO - Ingesting EURUSD=X for forex...
2026-03-11 15:04:40,129 - INFO - Successfully saved 1611 rows to data_lake/raw/market_data\forex\EURUSD_X.parquet
2026-03-11 15:04:40,130 - INFO - Ingesting JPY=X for forex...
2026-03-11 15:04:40,232 - INFO - Successfully saved 1611 rows to data_lake/raw/market_data\forex\JPY_X.parquet
2026-03-11 15:04:40,232 - INFO - Ingesting GBPUSD=X for forex...
2026-03-11 15:04:40,415 - INFO - Successfully saved 1611 rows to data_lake/raw/market_data\forex\GBPUSD_X.parquet
2026-03-11 15:04:40,415 - INFO - Ingesting AUDUSD=X for forex...
2026-03-11 15:04:40,508 - INFO - Successfully saved 1611 rows to data_lake/raw/market_data\forex\AUDUSD_X.parquet
2026-03-11 15:04:40,508 - INFO - Ingesting USDCAD=X for forex...
2026-03-11 15:04:40,611 - INFO - Successfully saved 1611 rows to data_lake/raw/market_data\forex\USDCAD_X.parquet
2026-03-11 15:04:40,612 - INFO - Ingesting CHF=X for forex...
2026-03-11 15:04:40,693 - INFO - Successfully saved 1611 rows to data_lake/raw/market_data\forex\CHF_X.parquet
2026-03-11 15:04:40,694 - INFO - Ingesting BTC-USD for crypto...
2026-03-11 15:04:40,832 - INFO - Successfully saved 2262 rows to data_lake/raw/market_data\crypto\BTC-USD.parquet
2026-03-11 15:04:40,832 - INFO - Ingesting ETH-USD for crypto...
2026-03-11 15:04:40,969 - INFO - Successfully saved 2262 rows to data_lake/raw/market_data\crypto\ETH-USD.parquet
2026-03-11 15:04:40,969 - INFO - Ingesting SOL-USD for crypto...
2026-03-11 15:04:41,186 - INFO - Successfully saved 2162 rows to data_lake/raw/market_data\crypto\SOL-USD.parquet
2026-03-11 15:04:41,186 - INFO - Ingesting BNB-USD for crypto...
2026-03-11 15:04:41,432 - INFO - Successfully saved 2262 rows to data_lake/raw/market_data\crypto\BNB-USD.parquet
2026-03-11 15:04:41,432 - INFO - Ingesting XRP-USD for crypto...
2026-03-11 15:04:41,543 - INFO - Successfully saved 2262 rows to data_lake/raw/market_data\crypto\XRP-USD.parquet
2026-03-11 15:04:41,543 - INFO - Ingesting ADA-USD for crypto...
2026-03-11 15:04:41,644 - INFO - Successfully saved 2262 rows to data_lake/raw/market_data\crypto\ADA-USD.parquet
2026-03-11 15:04:41,645 - INFO - Ingesting DOT-USD for crypto...
2026-03-11 15:04:41,895 - INFO - Successfully saved 2030 rows to data_lake/raw/market_data\crypto\DOT-USD.parquet
2026-03-11 15:04:41,896 - INFO - Ingesting MATIC-USD for crypto...
2026-03-11 15:04:42,009 - WARNING - Stale data alert for MATIC-USD. Last update: 2025-03-24 00:00:00
2026-03-11 15:04:42,014 - INFO - Successfully saved 1910 rows to data_lake/raw/market_data\crypto\MATIC-USD.parquet
2026-03-11 15:04:42,015 - INFO - Ingesting AVAX-USD for crypto...
2026-03-11 15:04:42,102 - INFO - Successfully saved 1999 rows to data_lake/raw/market_data\crypto\AVAX-USD.parquet
2026-03-11 15:04:42,102 - INFO - Ingesting LINK-USD for crypto...
2026-03-11 15:04:42,239 - INFO - Successfully saved 2262 rows to data_lake/raw/market_data\crypto\LINK-USD.parquet
2026-03-11 15:04:42,240 - INFO - Ingesting DOGE-USD for meme_coins...
2026-03-11 15:04:42,367 - INFO - Successfully saved 2262 rows to data_lake/raw/market_data\meme_coins\DOGE-USD.parquet
2026-03-11 15:04:42,367 - INFO - Ingesting SHIB-USD for meme_coins...
2026-03-11 15:04:42,555 - INFO - Successfully saved 2008 rows to data_lake/raw/market_data\meme_coins\SHIB-USD.parquet
2026-03-11 15:04:42,555 - INFO - Ingesting PEPE-USD for meme_coins...
2026-03-11 15:04:42,691 - WARNING - Stale data alert for PEPE-USD. Last update: 2022-12-11 00:00:00
2026-03-11 15:04:42,694 - INFO - Successfully saved 119 rows to data_lake/raw/market_data\meme_coins\PEPE-USD.parquet
2026-03-11 15:04:42,694 - INFO - Ingestion completed. 49/49 symbols successfully downloaded.
2026-03-11 15:09:12,851 - INFO - Starting Core Market Data Ingestion Pipeline...
2026-03-11 15:09:12,851 - INFO - Ingesting AAPL for stocks...
2026-03-11 15:09:13,274 - INFO - Successfully saved 1555 rows to data_lake/raw/market_data\stocks\AAPL.parquet
2026-03-11 15:09:13,274 - INFO - Ingesting MSFT for stocks...
2026-03-11 15:09:13,477 - INFO - Successfully saved 1555 rows to data_lake/raw/market_data\stocks\MSFT.parquet
2026-03-11 15:09:13,477 - INFO - Ingesting GOOGL for stocks...
2026-03-11 15:09:13,768 - INFO - Successfully saved 1555 rows to data_lake/raw/market_data\stocks\GOOGL.parquet
2026-03-11 15:09:13,768 - INFO - Ingesting AMZN for stocks...
2026-03-11 15:09:13,946 - INFO - Successfully saved 1555 rows to data_lake/raw/market_data\stocks\AMZN.parquet
2026-03-11 15:09:13,947 - INFO - Ingesting NVDA for stocks...
2026-03-11 15:09:14,269 - INFO - Successfully saved 1555 rows to data_lake/raw/market_data\stocks\NVDA.parquet
2026-03-11 15:09:14,269 - INFO - Ingesting META for stocks...
2026-03-11 15:09:14,357 - INFO - Successfully saved 1555 rows to data_lake/raw/market_data\stocks\META.parquet
2026-03-11 15:09:14,357 - INFO - Ingesting TSLA for stocks...
2026-03-11 15:09:14,575 - INFO - Successfully saved 1555 rows to data_lake/raw/market_data\stocks\TSLA.parquet
2026-03-11 15:09:14,576 - INFO - Ingesting JPM for stocks...
2026-03-11 15:09:14,906 - INFO - Successfully saved 1555 rows to data_lake/raw/market_data\stocks\JPM.parquet
2026-03-11 15:09:14,906 - INFO - Ingesting JNJ for stocks...
2026-03-11 15:09:15,087 - INFO - Successfully saved 1555 rows to data_lake/raw/market_data\stocks\JNJ.parquet
2026-03-11 15:09:15,087 - INFO - Ingesting V for stocks...
2026-03-11 15:09:15,210 - INFO - Successfully saved 1555 rows to data_lake/raw/market_data\stocks\V.parquet
2026-03-11 15:09:15,210 - INFO - Ingesting PLTR for penny_stocks...
2026-03-11 15:09:15,282 - INFO - Successfully saved 1367 rows to data_lake/raw/market_data\penny_stocks\PLTR.parquet
2026-03-11 15:09:15,282 - INFO - Ingesting SOFI for penny_stocks...
2026-03-11 15:09:15,496 - INFO - Successfully saved 1302 rows to data_lake/raw/market_data\penny_stocks\SOFI.parquet
2026-03-11 15:09:15,496 - INFO - Ingesting RIVN for penny_stocks...
2026-03-11 15:09:15,585 - INFO - Successfully saved 1086 rows to data_lake/raw/market_data\penny_stocks\RIVN.parquet
2026-03-11 15:09:15,585 - INFO - Ingesting LCID for penny_stocks...
2026-03-11 15:09:15,771 - INFO - Successfully saved 1375 rows to data_lake/raw/market_data\penny_stocks\LCID.parquet
2026-03-11 15:09:15,772 - INFO - Ingesting RIOT for penny_stocks...
2026-03-11 15:09:15,930 - INFO - Successfully saved 1555 rows to data_lake/raw/market_data\penny_stocks\RIOT.parquet
2026-03-11 15:09:15,930 - INFO - Ingesting MARA for penny_stocks...
2026-03-11 15:09:16,130 - INFO - Successfully saved 1555 rows to data_lake/raw/market_data\penny_stocks\MARA.parquet
2026-03-11 15:09:16,131 - INFO - Ingesting MSTR for penny_stocks...
2026-03-11 15:09:16,446 - INFO - Successfully saved 1555 rows to data_lake/raw/market_data\penny_stocks\MSTR.parquet
2026-03-11 15:09:16,446 - INFO - Ingesting OPEN for penny_stocks...
2026-03-11 15:09:16,521 - INFO - Successfully saved 1439 rows to data_lake/raw/market_data\penny_stocks\OPEN.parquet
2026-03-11 15:09:16,521 - INFO - Ingesting DKNG for penny_stocks...
2026-03-11 15:09:16,599 - INFO - Successfully saved 1555 rows to data_lake/raw/market_data\penny_stocks\DKNG.parquet
2026-03-11 15:09:16,600 - INFO - Ingesting CVNA for penny_stocks...
2026-03-11 15:09:16,686 - INFO - Successfully saved 1555 rows to data_lake/raw/market_data\penny_stocks\CVNA.parquet
2026-03-11 15:09:16,687 - INFO - Ingesting SPY for etfs...
2026-03-11 15:09:16,822 - INFO - Successfully saved 1555 rows to data_lake/raw/market_data\etfs\SPY.parquet
2026-03-11 15:09:16,822 - INFO - Ingesting QQQ for etfs...
2026-03-11 15:09:16,972 - INFO - Successfully saved 1555 rows to data_lake/raw/market_data\etfs\QQQ.parquet
2026-03-11 15:09:16,972 - INFO - Ingesting IWM for etfs...
2026-03-11 15:09:17,158 - INFO - Successfully saved 1555 rows to data_lake/raw/market_data\etfs\IWM.parquet
2026-03-11 15:09:17,158 - INFO - Ingesting EFA for etfs...
2026-03-11 15:09:17,283 - INFO - Successfully saved 1555 rows to data_lake/raw/market_data\etfs\EFA.parquet
2026-03-11 15:09:17,283 - INFO - Ingesting EEM for etfs...
2026-03-11 15:09:17,409 - INFO - Successfully saved 1555 rows to data_lake/raw/market_data\etfs\EEM.parquet
2026-03-11 15:09:17,409 - INFO - Ingesting AGG for etfs...
2026-03-11 15:09:17,560 - INFO - Successfully saved 1555 rows to data_lake/raw/market_data\etfs\AGG.parquet
2026-03-11 15:09:17,560 - INFO - Ingesting GLD for etfs...
2026-03-11 15:09:17,738 - INFO - Successfully saved 1555 rows to data_lake/raw/market_data\etfs\GLD.parquet
2026-03-11 15:09:17,739 - INFO - Ingesting USO for etfs...
2026-03-11 15:09:17,898 - INFO - Successfully saved 1555 rows to data_lake/raw/market_data\etfs\USO.parquet
2026-03-11 15:09:17,898 - INFO - Ingesting VNQ for etfs...
2026-03-11 15:09:18,100 - INFO - Successfully saved 1555 rows to data_lake/raw/market_data\etfs\VNQ.parquet
2026-03-11 15:09:18,101 - INFO - Ingesting XLF for etfs...
2026-03-11 15:09:18,255 - INFO - Successfully saved 1555 rows to data_lake/raw/market_data\etfs\XLF.parquet
2026-03-11 15:09:18,256 - INFO - Ingesting EURUSD=X for forex...
2026-03-11 15:09:18,532 - INFO - Successfully saved 1611 rows to data_lake/raw/market_data\forex\EURUSD_X.parquet
2026-03-11 15:09:18,532 - INFO - Ingesting JPY=X for forex...
2026-03-11 15:09:18,797 - INFO - Successfully saved 1611 rows to data_lake/raw/market_data\forex\JPY_X.parquet
2026-03-11 15:09:18,797 - INFO - Ingesting GBPUSD=X for forex...
2026-03-11 15:09:18,959 - INFO - Successfully saved 1611 rows to data_lake/raw/market_data\forex\GBPUSD_X.parquet
2026-03-11 15:09:18,959 - INFO - Ingesting AUDUSD=X for forex...
2026-03-11 15:09:19,316 - INFO - Successfully saved 1611 rows to data_lake/raw/market_data\forex\AUDUSD_X.parquet
2026-03-11 15:09:19,316 - INFO - Ingesting USDCAD=X for forex...
2026-03-11 15:09:19,422 - INFO - Successfully saved 1611 rows to data_lake/raw/market_data\forex\USDCAD_X.parquet
2026-03-11 15:09:19,422 - INFO - Ingesting CHF=X for forex...
2026-03-11 15:09:19,889 - INFO - Successfully saved 1611 rows to data_lake/raw/market_data\forex\CHF_X.parquet
2026-03-11 15:09:19,889 - INFO - Ingesting BTC-USD for crypto...
2026-03-11 15:09:20,016 - INFO - Successfully saved 2262 rows to data_lake/raw/market_data\crypto\BTC-USD.parquet
2026-03-11 15:09:20,017 - INFO - Ingesting ETH-USD for crypto...
2026-03-11 15:09:20,110 - INFO - Successfully saved 2262 rows to data_lake/raw/market_data\crypto\ETH-USD.parquet
2026-03-11 15:09:20,110 - INFO - Ingesting SOL-USD for crypto...
2026-03-11 15:09:20,341 - INFO - Successfully saved 2162 rows to data_lake/raw/market_data\crypto\SOL-USD.parquet
2026-03-11 15:09:20,341 - INFO - Ingesting BNB-USD for crypto...
2026-03-11 15:09:20,427 - INFO - Successfully saved 2262 rows to data_lake/raw/market_data\crypto\BNB-USD.parquet
2026-03-11 15:09:20,427 - INFO - Ingesting XRP-USD for crypto...
2026-03-11 15:09:20,519 - INFO - Successfully saved 2262 rows to data_lake/raw/market_data\crypto\XRP-USD.parquet
2026-03-11 15:09:20,520 - INFO - Ingesting ADA-USD for crypto...
2026-03-11 15:09:20,785 - INFO - Successfully saved 2262 rows to data_lake/raw/market_data\crypto\ADA-USD.parquet
2026-03-11 15:09:20,785 - INFO - Ingesting DOT-USD for crypto...
2026-03-11 15:09:20,956 - INFO - Successfully saved 2030 rows to data_lake/raw/market_data\crypto\DOT-USD.parquet
2026-03-11 15:09:20,956 - INFO - Ingesting MATIC-USD for crypto...
2026-03-11 15:09:21,189 - WARNING - Stale data alert for MATIC-USD. Last update: 2025-03-24 00:00:00
2026-03-11 15:09:21,193 - INFO - Successfully saved 1910 rows to data_lake/raw/market_data\crypto\MATIC-USD.parquet
2026-03-11 15:09:21,194 - INFO - Ingesting AVAX-USD for crypto...
2026-03-11 15:09:21,286 - INFO - Successfully saved 1999 rows to data_lake/raw/market_data\crypto\AVAX-USD.parquet
2026-03-11 15:09:21,286 - INFO - Ingesting LINK-USD for crypto...
2026-03-11 15:09:21,462 - INFO - Successfully saved 2262 rows to data_lake/raw/market_data\crypto\LINK-USD.parquet
2026-03-11 15:09:21,462 - INFO - Ingesting DOGE-USD for meme_coins...
2026-03-11 15:09:21,615 - INFO - Successfully saved 2262 rows to data_lake/raw/market_data\meme_coins\DOGE-USD.parquet
2026-03-11 15:09:21,615 - INFO - Ingesting SHIB-USD for meme_coins...
2026-03-11 15:09:21,772 - INFO - Successfully saved 2008 rows to data_lake/raw/market_data\meme_coins\SHIB-USD.parquet
2026-03-11 15:09:21,772 - INFO - Ingesting PEPE-USD for meme_coins...
2026-03-11 15:09:21,909 - WARNING - Stale data alert for PEPE-USD. Last update: 2022-12-11 00:00:00
2026-03-11 15:09:21,912 - INFO - Successfully saved 119 rows to data_lake/raw/market_data\meme_coins\PEPE-USD.parquet
2026-03-11 15:09:21,912 - INFO - Ingestion completed. 49/49 symbols successfully downloaded.
