2026-03-09 00:39:51,078 [UniversalEvolver] INFO ======================================================================
2026-03-09 00:39:51,078 [UniversalEvolver] INFO UNIVERSAL EVOLUTION RUNNER
2026-03-09 00:39:51,078 [UniversalEvolver] INFO Symbols : ['BTCUSDT', 'ETHUSDT', 'SOLUSDT', 'AVAXUSDT', 'DOGEUSDT']
2026-03-09 00:39:51,078 [UniversalEvolver] INFO Engines : ['audit']
2026-03-09 00:39:51,078 [UniversalEvolver] INFO Quick   : True
2026-03-09 00:39:51,078 [UniversalEvolver] INFO ======================================================================
2026-03-09 00:39:51,078 [UniversalEvolver] INFO --------------------------------------------------
2026-03-09 00:39:51,078 [UniversalEvolver] INFO Starting engine: audit
2026-03-09 00:39:51,143 [UniversalEvolver] INFO Audit Ensemble: pop=30 gens=10 symbols=['BTCUSDT', 'ETHUSDT', 'SOLUSDT', 'AVAXUSDT', 'DOGEUSDT']
2026-03-09 00:39:51,143 [AuditEnsembleEvolver] INFO Audit Ensemble Evolver: 40 sources, pop=30, gens=10
2026-03-09 00:39:51,173 [AuditEnsembleEvolver] INFO Loaded data: 40 active sources, avg 3.7 picks/source
2026-03-09 00:39:51,190 [AuditEnsembleEvolver] INFO Gen  0 | Best: 1.9892 | Avg: 0.9769 | Stag: 0
2026-03-09 00:39:51,194 [AuditEnsembleEvolver] INFO Gen  1 | Best: 1.9892 | Avg: 1.1084 | Stag: 1
2026-03-09 00:39:51,200 [AuditEnsembleEvolver] INFO Gen  2 | Best: 2.2369 | Avg: 1.3522 | Stag: 0
2026-03-09 00:39:51,204 [AuditEnsembleEvolver] INFO Gen  3 | Best: 2.4043 | Avg: 1.6302 | Stag: 0
2026-03-09 00:39:51,209 [AuditEnsembleEvolver] INFO Gen  4 | Best: 2.6235 | Avg: 2.0453 | Stag: 0
2026-03-09 00:39:51,213 [AuditEnsembleEvolver] INFO Gen  5 | Best: 2.7463 | Avg: 2.2589 | Stag: 0
2026-03-09 00:39:51,218 [AuditEnsembleEvolver] INFO Gen  6 | Best: 2.7849 | Avg: 2.4377 | Stag: 0
2026-03-09 00:39:51,222 [AuditEnsembleEvolver] INFO Gen  7 | Best: 2.8133 | Avg: 2.5818 | Stag: 0
2026-03-09 00:39:51,227 [AuditEnsembleEvolver] INFO Gen  8 | Best: 3.5826 | Avg: 2.6383 | Stag: 0
2026-03-09 00:39:51,232 [AuditEnsembleEvolver] INFO Gen  9 | Best: 3.8809 | Avg: 2.8908 | Stag: 0
2026-03-09 00:39:51,237 [AuditEnsembleEvolver] INFO Saved 4 ensemble picks
2026-03-09 00:39:51,238 [AuditEnsembleEvolver] INFO Evolution complete. Picks saved to genome/data/ae_active_picks.json
2026-03-09 00:39:51,238 [UniversalEvolver] INFO Read 4 picks from ae_active_picks.json
2026-03-09 00:39:51,238 [UniversalEvolver] INFO Engine audit finished: 4 picks in 0.2s
2026-03-09 00:39:51,239 [UniversalEvolver] INFO ======================================================================
2026-03-09 00:39:51,239 [UniversalEvolver] INFO UNIVERSAL EVOLUTION COMPLETE
2026-03-09 00:39:51,239 [UniversalEvolver] INFO   Engines run    : ['audit']
2026-03-09 00:39:51,239 [UniversalEvolver] INFO   Total picks    : 4
2026-03-09 00:39:51,239 [UniversalEvolver] INFO   Consensus picks: 0
2026-03-09 00:39:51,239 [UniversalEvolver] INFO   Elapsed        : 0.2s
2026-03-09 00:39:51,239 [UniversalEvolver] INFO   Output         : E:\findtorontoevents_antigravity.ca\genome\data\universal_picks.json
2026-03-09 00:39:51,239 [UniversalEvolver] INFO ======================================================================
2026-03-09 00:44:44,815 [UniversalEvolver] INFO ======================================================================
2026-03-09 00:44:44,815 [UniversalEvolver] INFO UNIVERSAL EVOLUTION RUNNER
2026-03-09 00:44:44,815 [UniversalEvolver] INFO Symbols : ['BTCUSDT', 'ETHUSDT', 'SOLUSDT', 'AVAXUSDT', 'DOGEUSDT']
2026-03-09 00:44:44,815 [UniversalEvolver] INFO Engines : ['audit']
2026-03-09 00:44:44,815 [UniversalEvolver] INFO Quick   : True
2026-03-09 00:44:44,816 [UniversalEvolver] INFO ======================================================================
2026-03-09 00:44:44,816 [UniversalEvolver] INFO --------------------------------------------------
2026-03-09 00:44:44,816 [UniversalEvolver] INFO Starting engine: audit
2026-03-09 00:44:44,875 [UniversalEvolver] INFO Audit Ensemble: pop=30 gens=10 symbols=['BTCUSDT', 'ETHUSDT', 'SOLUSDT', 'AVAXUSDT', 'DOGEUSDT']
2026-03-09 00:44:44,876 [AuditEnsembleEvolver] INFO Audit Ensemble Evolver: 40 sources, pop=30, gens=10
2026-03-09 00:44:44,905 [AuditEnsembleEvolver] INFO Loaded data: 40 active sources, avg 3.7 picks/source
2026-03-09 00:44:44,921 [AuditEnsembleEvolver] INFO Gen  0 | Best: 1.9992 | Avg: 0.9439 | Stag: 0
2026-03-09 00:44:44,926 [AuditEnsembleEvolver] INFO Gen  1 | Best: 2.0695 | Avg: 1.1791 | Stag: 0
2026-03-09 00:44:44,930 [AuditEnsembleEvolver] INFO Gen  2 | Best: 2.0695 | Avg: 1.3812 | Stag: 1
2026-03-09 00:44:44,935 [AuditEnsembleEvolver] INFO Gen  3 | Best: 2.1623 | Avg: 1.5798 | Stag: 0
2026-03-09 00:44:44,939 [AuditEnsembleEvolver] INFO Gen  4 | Best: 2.4049 | Avg: 1.7949 | Stag: 0
2026-03-09 00:44:44,944 [AuditEnsembleEvolver] INFO Gen  5 | Best: 3.1075 | Avg: 1.8827 | Stag: 0
2026-03-09 00:44:44,948 [AuditEnsembleEvolver] INFO Gen  6 | Best: 3.1075 | Avg: 2.2178 | Stag: 1
2026-03-09 00:44:44,953 [AuditEnsembleEvolver] INFO Gen  7 | Best: 3.5808 | Avg: 2.4639 | Stag: 0
2026-03-09 00:44:44,957 [AuditEnsembleEvolver] INFO Gen  8 | Best: 4.3358 | Avg: 2.9028 | Stag: 0
2026-03-09 00:44:44,961 [AuditEnsembleEvolver] INFO Gen  9 | Best: 4.6773 | Avg: 3.5591 | Stag: 0
2026-03-09 00:44:44,967 [AuditEnsembleEvolver] INFO Saved 4 ensemble picks
2026-03-09 00:44:44,967 [AuditEnsembleEvolver] INFO Evolution complete. Picks saved to genome/data/ae_active_picks.json
2026-03-09 00:44:44,968 [UniversalEvolver] INFO Read 4 picks from ae_active_picks.json
2026-03-09 00:44:44,968 [UniversalEvolver] INFO Engine audit finished: 4 picks in 0.2s
2026-03-09 00:44:44,968 [UniversalEvolver] INFO ======================================================================
2026-03-09 00:44:44,968 [UniversalEvolver] INFO UNIVERSAL EVOLUTION COMPLETE
2026-03-09 00:44:44,968 [UniversalEvolver] INFO   Engines run    : ['audit']
2026-03-09 00:44:44,969 [UniversalEvolver] INFO   Total picks    : 4
2026-03-09 00:44:44,969 [UniversalEvolver] INFO   Consensus picks: 0
2026-03-09 00:44:44,969 [UniversalEvolver] INFO   Elapsed        : 0.1s
2026-03-09 00:44:44,969 [UniversalEvolver] INFO   Output         : E:\findtorontoevents_antigravity.ca\genome\data\universal_picks.json
2026-03-09 00:44:44,969 [UniversalEvolver] INFO ======================================================================
2026-03-26 10:23:09,128 [UniversalEvolver] INFO ======================================================================
2026-03-26 10:23:09,128 [UniversalEvolver] INFO UNIVERSAL EVOLUTION RUNNER
2026-03-26 10:23:09,128 [UniversalEvolver] INFO Symbols : ['BTCUSDT', 'ETHUSDT', 'SOLUSDT', 'AVAXUSDT', 'DOGEUSDT']
2026-03-26 10:23:09,130 [UniversalEvolver] INFO Engines : ['gp', 'mape', 'audit', 'ensemble']
2026-03-26 10:23:09,130 [UniversalEvolver] INFO Quick   : True
2026-03-26 10:23:09,130 [UniversalEvolver] INFO ======================================================================
2026-03-26 10:23:09,130 [UniversalEvolver] INFO --------------------------------------------------
2026-03-26 10:23:09,130 [UniversalEvolver] INFO Starting engine: gp
2026-03-26 10:23:09,292 [UniversalEvolver] INFO GP: pop=40 gens=10 symbols=['BTCUSDT', 'ETHUSDT', 'SOLUSDT', 'AVAXUSDT', 'DOGEUSDT']
2026-03-26 10:23:09,292 [GeneticProgrammer] INFO ======================================================================
2026-03-26 10:23:09,292 [GeneticProgrammer] INFO GENETIC PROGRAMMING EVOLUTION — New cycle
2026-03-26 10:23:09,292 [GeneticProgrammer] INFO Symbols: ['BTCUSDT', 'ETHUSDT', 'SOLUSDT', 'AVAXUSDT', 'DOGEUSDT'] | Pop: 40 | Gens: 10
2026-03-26 10:23:09,292 [GeneticProgrammer] INFO ======================================================================
2026-03-26 10:23:09,296 [GeneticProgrammer] WARNING ccxt not installed, using synthetic data
2026-03-26 10:23:09,296 [GeneticProgrammer] WARNING No real data, falling back to synthetic
2026-03-26 10:23:09,321 [GeneticProgrammer] INFO GP Evolution: pop=40, gens=10
2026-03-26 10:23:09,334 [GeneticProgrammer] INFO Seeded 10 prior winners
2026-03-26 10:23:13,188 [GeneticProgrammer] INFO Gen   0 | Best: 0.1707 | Avg: -0.5168 | Stag: 0
2026-03-26 10:23:16,298 [GeneticProgrammer] INFO Gen   1 | Best: 0.2359 | Avg: -0.2465 | Stag: 0
2026-03-26 10:23:20,198 [GeneticProgrammer] INFO Gen   2 | Best: 0.2990 | Avg: -0.1718 | Stag: 0
2026-03-26 10:23:24,089 [GeneticProgrammer] INFO Gen   3 | Best: 0.3151 | Avg: -0.1111 | Stag: 0
2026-03-26 10:23:28,383 [GeneticProgrammer] INFO Gen   4 | Best: 0.3787 | Avg: -0.1690 | Stag: 0
2026-03-26 10:23:32,745 [GeneticProgrammer] INFO Gen   5 | Best: 0.3787 | Avg: -0.1056 | Stag: 1
2026-03-26 10:23:37,001 [GeneticProgrammer] INFO Gen   6 | Best: 0.3787 | Avg: 0.0043 | Stag: 2
2026-03-26 10:23:41,310 [GeneticProgrammer] INFO Gen   7 | Best: 0.3787 | Avg: -0.0853 | Stag: 3
2026-03-26 10:23:45,271 [GeneticProgrammer] INFO Gen   8 | Best: 0.3805 | Avg: -0.0191 | Stag: 0
2026-03-26 10:23:49,086 [GeneticProgrammer] INFO Gen   9 | Best: 0.3852 | Avg: 0.0078 | Stag: 0
2026-03-26 10:23:50,008 [UniversalEvolver] INFO ======================================================================
2026-03-26 10:23:50,008 [UniversalEvolver] INFO UNIVERSAL EVOLUTION RUNNER
2026-03-26 10:23:50,008 [UniversalEvolver] INFO Symbols : ['BTCUSDT', 'ETHUSDT', 'SOLUSDT', 'AVAXUSDT', 'DOGEUSDT']
2026-03-26 10:23:50,008 [UniversalEvolver] INFO Engines : ['gp', 'mape', 'audit', 'ensemble']
2026-03-26 10:23:50,008 [UniversalEvolver] INFO Quick   : True
2026-03-26 10:23:50,009 [UniversalEvolver] INFO ======================================================================
2026-03-26 10:23:50,009 [UniversalEvolver] INFO --------------------------------------------------
2026-03-26 10:23:50,009 [UniversalEvolver] INFO Starting engine: gp
2026-03-26 10:23:50,153 [UniversalEvolver] INFO GP: pop=40 gens=10 symbols=['BTCUSDT', 'ETHUSDT', 'SOLUSDT', 'AVAXUSDT', 'DOGEUSDT']
2026-03-26 10:23:50,154 [GeneticProgrammer] INFO ======================================================================
2026-03-26 10:23:50,154 [GeneticProgrammer] INFO GENETIC PROGRAMMING EVOLUTION — New cycle
2026-03-26 10:23:50,154 [GeneticProgrammer] INFO Symbols: ['BTCUSDT', 'ETHUSDT', 'SOLUSDT', 'AVAXUSDT', 'DOGEUSDT'] | Pop: 40 | Gens: 10
2026-03-26 10:23:50,154 [GeneticProgrammer] INFO ======================================================================
2026-03-26 10:23:51,895 [GeneticProgrammer] INFO Saved 9 active picks to E:\findtorontoevents_antigravity.ca\genome\data\gp_active_picks.json
2026-03-26 10:23:51,905 [GeneticProgrammer] INFO Evolution done. Top: GPX_Gen9_b3385a fitness=0.3852
2026-03-26 10:23:51,907 [UniversalEvolver] INFO Read 9 picks from gp_active_picks.json
2026-03-26 10:23:51,907 [UniversalEvolver] INFO Engine gp finished: 9 picks in 42.8s
2026-03-26 10:23:51,907 [UniversalEvolver] INFO --------------------------------------------------
2026-03-26 10:23:51,907 [UniversalEvolver] INFO Starting engine: mape
2026-03-26 10:23:51,921 [UniversalEvolver] INFO MAP-Elites: iterations=500 initial=50 symbols=['BTCUSDT', 'ETHUSDT', 'SOLUSDT', 'AVAXUSDT', 'DOGEUSDT']
2026-03-26 10:23:51,921 [MAPE_Evolver] INFO Fetching market data...
2026-03-26 10:23:53,569 [GeneticProgrammer] INFO Fetched BTCUSDT: 750 bars (1h)
2026-03-26 10:23:53,735 [GeneticProgrammer] INFO Fetched ETHUSDT: 750 bars (1h)
2026-03-26 10:23:53,900 [GeneticProgrammer] INFO Fetched SOLUSDT: 750 bars (1h)
2026-03-26 10:23:54,067 [GeneticProgrammer] INFO Fetched AVAXUSDT: 750 bars (1h)
2026-03-26 10:23:54,232 [GeneticProgrammer] INFO Fetched DOGEUSDT: 750 bars (1h)
2026-03-26 10:23:54,275 [GeneticProgrammer] INFO GP Evolution: pop=40, gens=10
2026-03-26 10:23:54,280 [GeneticProgrammer] INFO Seeded 10 prior winners
2026-03-26 10:23:55,799 [GeneticProgrammer] INFO Fetched BTCUSDT: 750 bars (1h)
2026-03-26 10:23:56,111 [GeneticProgrammer] INFO Fetched ETHUSDT: 750 bars (1h)
2026-03-26 10:23:56,274 [GeneticProgrammer] INFO Fetched SOLUSDT: 750 bars (1h)
2026-03-26 10:23:56,441 [GeneticProgrammer] INFO Fetched AVAXUSDT: 750 bars (1h)
2026-03-26 10:23:56,606 [GeneticProgrammer] INFO Fetched DOGEUSDT: 750 bars (1h)
2026-03-26 10:23:56,635 [MAPE_Evolver] INFO ======================================================================
2026-03-26 10:23:56,635 [MAPE_Evolver] INFO MAP-ELITES QUALITY-DIVERSITY EVOLUTION
2026-03-26 10:23:56,635 [MAPE_Evolver] INFO Grid: (5, 5, 3, 3, 3) = 675 cells
2026-03-26 10:23:56,635 [MAPE_Evolver] INFO Iterations: 500 | Initial random: 50
2026-03-26 10:23:56,635 [MAPE_Evolver] INFO ======================================================================
2026-03-26 10:23:56,636 [MAPE_Evolver] INFO 
[Phase 1] Random initialization (50 strategies)...
2026-03-26 10:23:56,684 [MAPE_Evolver] INFO   Init 0/50 | Coverage: 1/675 cells (0.1%) | QD: -0.88
2026-03-26 10:23:57,411 [GeneticProgrammer] INFO Gen   0 | Best: 0.4532 | Avg: -0.6943 | Stag: 0
2026-03-26 10:23:59,581 [MAPE_Evolver] INFO 
[Phase 2] Illumination (500 iterations)...
2026-03-26 10:23:59,639 [GeneticProgrammer] INFO Gen   1 | Best: 0.4532 | Avg: -0.2921 | Stag: 1
2026-03-26 10:23:59,640 [MAPE_Evolver] INFO   Iter     0 | Coverage: 1.8% | QD Score: -2.57 | Best: 0.368 | 
2026-03-26 10:24:01,567 [GeneticProgrammer] INFO Gen   2 | Best: 0.4948 | Avg: -0.2812 | Stag: 0
2026-03-26 10:24:03,563 [GeneticProgrammer] INFO Gen   3 | Best: 0.4972 | Avg: -0.0183 | Stag: 0
2026-03-26 10:24:05,788 [GeneticProgrammer] INFO Gen   4 | Best: 0.4972 | Avg: -0.1273 | Stag: 1
2026-03-26 10:24:08,133 [GeneticProgrammer] INFO Gen   5 | Best: 0.4972 | Avg: 0.0082 | Stag: 2
2026-03-26 10:24:11,773 [GeneticProgrammer] INFO Gen   6 | Best: 0.4972 | Avg: 0.0850 | Stag: 3
2026-03-26 10:24:15,179 [GeneticProgrammer] INFO Gen   7 | Best: 0.4985 | Avg: 0.1370 | Stag: 0
2026-03-26 10:24:18,475 [GeneticProgrammer] INFO Gen   8 | Best: 0.5050 | Avg: 0.1345 | Stag: 0
2026-03-26 10:24:21,761 [GeneticProgrammer] INFO Gen   9 | Best: 0.5145 | Avg: 0.1817 | Stag: 0
2026-03-26 10:24:24,987 [GeneticProgrammer] INFO Saved 31 active picks to E:\findtorontoevents_antigravity.ca\genome\data\gp_active_picks.json
2026-03-26 10:24:25,001 [GeneticProgrammer] INFO Evolution done. Top: GPX_Gen10_b6097a fitness=0.5748
2026-03-26 10:24:25,005 [UniversalEvolver] INFO Read 31 picks from gp_active_picks.json
2026-03-26 10:24:25,005 [UniversalEvolver] INFO Engine gp finished: 31 picks in 35.0s
2026-03-26 10:24:25,005 [UniversalEvolver] INFO --------------------------------------------------
2026-03-26 10:24:25,005 [UniversalEvolver] INFO Starting engine: mape
2026-03-26 10:24:25,014 [UniversalEvolver] INFO MAP-Elites: iterations=500 initial=50 symbols=['BTCUSDT', 'ETHUSDT', 'SOLUSDT', 'AVAXUSDT', 'DOGEUSDT']
2026-03-26 10:24:25,014 [MAPE_Evolver] INFO Fetching market data...
2026-03-26 10:24:28,459 [GeneticProgrammer] INFO Fetched BTCUSDT: 750 bars (1h)
2026-03-26 10:24:28,627 [GeneticProgrammer] INFO Fetched ETHUSDT: 750 bars (1h)
2026-03-26 10:24:28,794 [GeneticProgrammer] INFO Fetched SOLUSDT: 750 bars (1h)
2026-03-26 10:24:28,957 [GeneticProgrammer] INFO Fetched AVAXUSDT: 750 bars (1h)
2026-03-26 10:24:29,123 [GeneticProgrammer] INFO Fetched DOGEUSDT: 750 bars (1h)
2026-03-26 10:24:29,157 [MAPE_Evolver] INFO ======================================================================
2026-03-26 10:24:29,157 [MAPE_Evolver] INFO MAP-ELITES QUALITY-DIVERSITY EVOLUTION
2026-03-26 10:24:29,157 [MAPE_Evolver] INFO Grid: (5, 5, 3, 3, 3) = 675 cells
2026-03-26 10:24:29,157 [MAPE_Evolver] INFO Iterations: 500 | Initial random: 50
2026-03-26 10:24:29,158 [MAPE_Evolver] INFO ======================================================================
2026-03-26 10:24:29,158 [MAPE_Evolver] INFO 
[Phase 1] Random initialization (50 strategies)...
2026-03-26 10:24:29,251 [MAPE_Evolver] INFO   Init 0/50 | Coverage: 1/675 cells (0.1%) | QD: -1.35
2026-03-26 10:24:33,494 [MAPE_Evolver] INFO 
[Phase 2] Illumination (500 iterations)...
2026-03-26 10:24:33,569 [MAPE_Evolver] INFO   Iter     0 | Coverage: 1.2% | QD Score: -0.76 | Best: 0.368 | 
2026-03-26 10:24:38,256 [MAPE_Evolver] INFO 
======================================================================
2026-03-26 10:24:38,257 [MAPE_Evolver] INFO MAP-ELITES EVOLUTION COMPLETE
2026-03-26 10:24:38,257 [MAPE_Evolver] INFO Archive Coverage: 4.6%
2026-03-26 10:24:38,257 [MAPE_Evolver] INFO QD Score: 6.041
2026-03-26 10:24:38,257 [MAPE_Evolver] INFO Best Fitness: 0.554
2026-03-26 10:24:38,257 [MAPE_Evolver] INFO ======================================================================
2026-03-26 10:24:38,319 [MAPE_Evolver] INFO Saved 65 MAP-Elites picks to E:\findtorontoevents_antigravity.ca\genome\data\mape_active_picks.json
2026-03-26 10:24:38,331 [UniversalEvolver] INFO Read 65 picks from mape_active_picks.json
2026-03-26 10:24:38,331 [UniversalEvolver] INFO Engine mape finished: 65 picks in 46.4s
2026-03-26 10:24:38,331 [UniversalEvolver] INFO --------------------------------------------------
2026-03-26 10:24:38,331 [UniversalEvolver] INFO Starting engine: audit
2026-03-26 10:24:38,338 [UniversalEvolver] INFO Audit Ensemble: pop=30 gens=10 symbols=['BTCUSDT', 'ETHUSDT', 'SOLUSDT', 'AVAXUSDT', 'DOGEUSDT']
2026-03-26 10:24:38,338 [AuditEnsembleEvolver] INFO Audit Ensemble Evolver: 40 sources, pop=30, gens=10
2026-03-26 10:24:38,425 [AuditEnsembleEvolver] INFO Loaded data: 40 active sources, avg 20.3 picks/source
2026-03-26 10:24:38,441 [AuditEnsembleEvolver] INFO Gen  0 | Best: 2.2384 | Avg: 1.1225 | Stag: 0
2026-03-26 10:24:38,454 [AuditEnsembleEvolver] INFO Gen  1 | Best: 4.0581 | Avg: 1.3789 | Stag: 0
2026-03-26 10:24:38,471 [AuditEnsembleEvolver] INFO Gen  2 | Best: 4.0606 | Avg: 1.7854 | Stag: 0
2026-03-26 10:24:38,485 [AuditEnsembleEvolver] INFO Gen  3 | Best: 4.7653 | Avg: 2.2189 | Stag: 0
2026-03-26 10:24:38,497 [AuditEnsembleEvolver] INFO Gen  4 | Best: 6.6381 | Avg: 3.2917 | Stag: 0
2026-03-26 10:24:38,514 [AuditEnsembleEvolver] INFO Gen  5 | Best: 6.6381 | Avg: 3.9320 | Stag: 1
2026-03-26 10:24:38,529 [AuditEnsembleEvolver] INFO Gen  6 | Best: 7.0109 | Avg: 4.7258 | Stag: 0
2026-03-26 10:24:38,544 [AuditEnsembleEvolver] INFO Gen  7 | Best: 8.6656 | Avg: 5.4940 | Stag: 0
2026-03-26 10:24:38,558 [AuditEnsembleEvolver] INFO Gen  8 | Best: 8.6656 | Avg: 6.5418 | Stag: 1
2026-03-26 10:24:38,574 [AuditEnsembleEvolver] INFO Gen  9 | Best: 8.6860 | Avg: 7.0648 | Stag: 0
2026-03-26 10:24:38,672 [alpha_engine.feed_hygiene] INFO [feed_hygiene] unknown: 0 valid, 4 rejected (no_entry=4, closed=0, has_exit=0, no_symbol=0, other=0)
2026-03-26 10:24:38,673 [AuditEnsembleEvolver] INFO Saved 0 ensemble picks
2026-03-26 10:24:38,674 [AuditEnsembleEvolver] INFO Evolution complete. Picks saved to genome/data/ae_active_picks.json
2026-03-26 10:24:38,675 [UniversalEvolver] INFO Read 0 picks from ae_active_picks.json
2026-03-26 10:24:38,675 [UniversalEvolver] INFO Engine audit finished: 0 picks in 0.3s
2026-03-26 10:24:38,675 [UniversalEvolver] INFO --------------------------------------------------
2026-03-26 10:24:38,676 [UniversalEvolver] INFO Starting engine: ensemble
2026-03-26 10:24:38,696 [UniversalEvolver] INFO Ensemble Coevolution: pop=20 gens=8 symbols=['BTCUSDT', 'ETHUSDT', 'SOLUSDT', 'AVAXUSDT', 'DOGEUSDT']
2026-03-26 10:24:38,696 [EnsembleEvolver] INFO Fetching market data...
2026-03-26 10:24:41,685 [GeneticProgrammer] INFO Fetched BTCUSDT: 750 bars (1h)
2026-03-26 10:24:41,852 [GeneticProgrammer] INFO Fetched ETHUSDT: 750 bars (1h)
2026-03-26 10:24:42,018 [GeneticProgrammer] INFO Fetched SOLUSDT: 750 bars (1h)
2026-03-26 10:24:42,179 [GeneticProgrammer] INFO Fetched AVAXUSDT: 750 bars (1h)
2026-03-26 10:24:42,345 [GeneticProgrammer] INFO Fetched DOGEUSDT: 750 bars (1h)
2026-03-26 10:24:42,386 [EnsembleEvolver] INFO ======================================================================
2026-03-26 10:24:42,387 [EnsembleEvolver] INFO ENSEMBLE COEVOLUTION ENGINE
2026-03-26 10:24:42,387 [EnsembleEvolver] INFO Population: 20 | Generations: 8
2026-03-26 10:24:42,387 [EnsembleEvolver] INFO Ensemble size: (3, 8)
2026-03-26 10:24:42,387 [EnsembleEvolver] INFO ======================================================================
2026-03-26 10:24:42,387 [EnsembleEvolver] INFO 
Initializing population...
2026-03-26 10:25:12,664 [MAPE_Evolver] INFO 
======================================================================
2026-03-26 10:25:12,664 [MAPE_Evolver] INFO MAP-ELITES EVOLUTION COMPLETE
2026-03-26 10:25:12,665 [MAPE_Evolver] INFO Archive Coverage: 2.7%
2026-03-26 10:25:12,665 [MAPE_Evolver] INFO QD Score: 5.227
2026-03-26 10:25:12,665 [MAPE_Evolver] INFO Best Fitness: 0.499
2026-03-26 10:25:12,665 [MAPE_Evolver] INFO ======================================================================
2026-03-26 10:25:12,702 [MAPE_Evolver] INFO Saved 52 MAP-Elites picks to E:\findtorontoevents_antigravity.ca\genome\data\mape_active_picks.json
2026-03-26 10:25:12,711 [UniversalEvolver] INFO Read 52 picks from mape_active_picks.json
2026-03-26 10:25:12,712 [UniversalEvolver] INFO Engine mape finished: 52 picks in 47.7s
2026-03-26 10:25:12,712 [UniversalEvolver] INFO --------------------------------------------------
2026-03-26 10:25:12,712 [UniversalEvolver] INFO Starting engine: audit
2026-03-26 10:25:12,714 [UniversalEvolver] INFO Audit Ensemble: pop=30 gens=10 symbols=['BTCUSDT', 'ETHUSDT', 'SOLUSDT', 'AVAXUSDT', 'DOGEUSDT']
2026-03-26 10:25:12,714 [AuditEnsembleEvolver] INFO Audit Ensemble Evolver: 40 sources, pop=30, gens=10
2026-03-26 10:25:12,794 [AuditEnsembleEvolver] INFO Loaded data: 40 active sources, avg 20.3 picks/source
2026-03-26 10:25:12,828 [AuditEnsembleEvolver] INFO Gen  0 | Best: 2.1055 | Avg: 1.1364 | Stag: 0
2026-03-26 10:25:12,844 [AuditEnsembleEvolver] INFO Gen  1 | Best: 2.3448 | Avg: 1.4525 | Stag: 0
2026-03-26 10:25:12,857 [AuditEnsembleEvolver] INFO Gen  2 | Best: 3.3109 | Avg: 1.6588 | Stag: 0
2026-03-26 10:25:12,869 [AuditEnsembleEvolver] INFO Gen  3 | Best: 3.3128 | Avg: 2.0315 | Stag: 0
2026-03-26 10:25:12,884 [AuditEnsembleEvolver] INFO Gen  4 | Best: 3.6588 | Avg: 2.4997 | Stag: 0
2026-03-26 10:25:12,897 [AuditEnsembleEvolver] INFO Gen  5 | Best: 5.1427 | Avg: 2.9319 | Stag: 0
2026-03-26 10:25:12,909 [AuditEnsembleEvolver] INFO Gen  6 | Best: 5.5234 | Avg: 3.2818 | Stag: 0
2026-03-26 10:25:12,921 [AuditEnsembleEvolver] INFO Gen  7 | Best: 5.5234 | Avg: 3.8530 | Stag: 1
2026-03-26 10:25:12,936 [AuditEnsembleEvolver] INFO Gen  8 | Best: 5.8926 | Avg: 3.9719 | Stag: 0
2026-03-26 10:25:12,950 [AuditEnsembleEvolver] INFO Gen  9 | Best: 5.8926 | Avg: 4.5311 | Stag: 1
2026-03-26 10:25:13,041 [alpha_engine.feed_hygiene] INFO [feed_hygiene] unknown: 0 valid, 3 rejected (no_entry=3, closed=0, has_exit=0, no_symbol=0, other=0)
2026-03-26 10:25:13,041 [AuditEnsembleEvolver] INFO Saved 0 ensemble picks
2026-03-26 10:25:13,044 [AuditEnsembleEvolver] INFO Evolution complete. Picks saved to genome/data/ae_active_picks.json
2026-03-26 10:25:13,045 [UniversalEvolver] INFO Read 0 picks from ae_active_picks.json
2026-03-26 10:25:13,045 [UniversalEvolver] INFO Engine audit finished: 0 picks in 0.3s
2026-03-26 10:25:13,045 [UniversalEvolver] INFO --------------------------------------------------
2026-03-26 10:25:13,045 [UniversalEvolver] INFO Starting engine: ensemble
2026-03-26 10:25:13,054 [UniversalEvolver] INFO Ensemble Coevolution: pop=20 gens=8 symbols=['BTCUSDT', 'ETHUSDT', 'SOLUSDT', 'AVAXUSDT', 'DOGEUSDT']
2026-03-26 10:25:13,054 [EnsembleEvolver] INFO Fetching market data...
2026-03-26 10:25:16,082 [GeneticProgrammer] INFO Fetched BTCUSDT: 750 bars (1h)
2026-03-26 10:25:16,250 [GeneticProgrammer] INFO Fetched ETHUSDT: 750 bars (1h)
2026-03-26 10:25:16,417 [GeneticProgrammer] INFO Fetched SOLUSDT: 750 bars (1h)
2026-03-26 10:25:16,581 [GeneticProgrammer] INFO Fetched AVAXUSDT: 750 bars (1h)
2026-03-26 10:25:16,751 [GeneticProgrammer] INFO Fetched DOGEUSDT: 750 bars (1h)
2026-03-26 10:25:16,788 [EnsembleEvolver] INFO ======================================================================
2026-03-26 10:25:16,788 [EnsembleEvolver] INFO ENSEMBLE COEVOLUTION ENGINE
2026-03-26 10:25:16,788 [EnsembleEvolver] INFO Population: 20 | Generations: 8
2026-03-26 10:25:16,788 [EnsembleEvolver] INFO Ensemble size: (3, 8)
2026-03-26 10:25:16,788 [EnsembleEvolver] INFO ======================================================================
2026-03-26 10:25:16,788 [EnsembleEvolver] INFO 
Initializing population...
2026-03-26 10:26:04,986 [EnsembleEvolver] INFO Gen   0 | Best: 0.2651 | Avg: -0.0119 | Hall of Fame: 0
2026-03-26 10:26:15,371 [EnsembleEvolver] INFO Gen   0 | Best: 0.2602 | Avg: -0.0084 | Hall of Fame: 0
2026-03-26 10:27:17,930 [EnsembleEvolver] INFO Gen   1 | Best: 0.2651 | Avg: 0.0084 | Hall of Fame: 0
2026-03-26 10:27:39,340 [EnsembleEvolver] INFO Gen   1 | Best: 0.2906 | Avg: 0.0586 | Hall of Fame: 0
2026-03-26 10:28:40,114 [EnsembleEvolver] INFO Gen   2 | Best: 0.2651 | Avg: -0.0209 | Hall of Fame: 0
2026-03-26 10:29:12,629 [EnsembleEvolver] INFO Gen   2 | Best: 0.2906 | Avg: 0.0220 | Hall of Fame: 0
2026-03-26 10:29:55,842 [EnsembleEvolver] INFO Gen   3 | Best: 0.3774 | Avg: 0.0766 | Hall of Fame: 1
2026-03-26 10:30:43,602 [EnsembleEvolver] INFO Gen   3 | Best: 0.3258 | Avg: 0.1453 | Hall of Fame: 2
2026-03-26 10:31:03,307 [EnsembleEvolver] INFO Gen   4 | Best: 0.3774 | Avg: 0.1646 | Hall of Fame: 2
2026-03-26 10:31:59,030 [EnsembleEvolver] INFO Gen   5 | Best: 0.3774 | Avg: 0.1766 | Hall of Fame: 4
2026-03-26 10:32:17,446 [EnsembleEvolver] INFO Gen   4 | Best: 0.3258 | Avg: 0.1961 | Hall of Fame: 5
2026-03-26 10:32:58,590 [EnsembleEvolver] INFO Gen   6 | Best: 0.3774 | Avg: 0.1752 | Hall of Fame: 7
2026-03-26 10:33:56,316 [EnsembleEvolver] INFO Gen   5 | Best: 0.3336 | Avg: 0.1120 | Hall of Fame: 8
2026-03-26 10:34:00,398 [EnsembleEvolver] INFO Gen   7 | Best: 0.3774 | Avg: 0.2368 | Hall of Fame: 10
2026-03-26 10:34:59,578 [EnsembleEvolver] INFO Saved 20 ensemble picks to E:\findtorontoevents_antigravity.ca\genome\data\ensemble_active_picks.json
2026-03-26 10:34:59,582 [UniversalEvolver] INFO Read 20 picks from ensemble_active_picks.json
2026-03-26 10:34:59,582 [UniversalEvolver] INFO Engine ensemble finished: 20 picks in 620.9s
2026-03-26 10:34:59,584 [alpha_engine.feed_hygiene] INFO [feed_hygiene] unknown: 0 valid, 94 rejected (no_entry=94, closed=0, has_exit=0, no_symbol=0, other=0)
2026-03-26 10:34:59,584 [alpha_engine.feed_hygiene] INFO [feed_hygiene] unknown: 0 valid, 5 rejected (no_entry=5, closed=0, has_exit=0, no_symbol=0, other=0)
2026-03-26 10:34:59,584 [UniversalEvolver] INFO Feed hygiene: removed 94 invalid picks
2026-03-26 10:34:59,587 [UniversalEvolver] INFO ======================================================================
2026-03-26 10:34:59,589 [UniversalEvolver] INFO UNIVERSAL EVOLUTION COMPLETE
2026-03-26 10:34:59,589 [UniversalEvolver] INFO   Engines run    : ['gp', 'mape', 'audit', 'ensemble']
2026-03-26 10:34:59,589 [UniversalEvolver] INFO   Total picks    : 0
2026-03-26 10:34:59,589 [UniversalEvolver] INFO   Consensus picks: 0
2026-03-26 10:34:59,589 [UniversalEvolver] INFO   Elapsed        : 710.5s
2026-03-26 10:34:59,589 [UniversalEvolver] INFO   Output         : E:\findtorontoevents_antigravity.ca\genome\data\universal_picks.json
2026-03-26 10:34:59,590 [UniversalEvolver] INFO ======================================================================
2026-03-26 10:35:28,982 [EnsembleEvolver] INFO Gen   6 | Best: 0.5199 | Avg: 0.1794 | Hall of Fame: 11
2026-03-26 10:36:55,868 [EnsembleEvolver] INFO Gen   7 | Best: 0.5958 | Avg: 0.2580 | Hall of Fame: 14
2026-03-26 10:37:56,905 [EnsembleEvolver] INFO Saved 20 ensemble picks to E:\findtorontoevents_antigravity.ca\genome\data\ensemble_active_picks.json
2026-03-26 10:37:56,910 [UniversalEvolver] INFO Read 20 picks from ensemble_active_picks.json
2026-03-26 10:37:56,911 [UniversalEvolver] INFO Engine ensemble finished: 20 picks in 763.9s
2026-03-26 10:37:56,911 [alpha_engine.feed_hygiene] INFO [feed_hygiene] unknown: 0 valid, 103 rejected (no_entry=103, closed=0, has_exit=0, no_symbol=0, other=0)
2026-03-26 10:37:56,911 [alpha_engine.feed_hygiene] INFO [feed_hygiene] unknown: 0 valid, 6 rejected (no_entry=6, closed=0, has_exit=0, no_symbol=0, other=0)
2026-03-26 10:37:56,911 [UniversalEvolver] INFO Feed hygiene: removed 103 invalid picks
2026-03-26 10:37:56,915 [UniversalEvolver] INFO ======================================================================
2026-03-26 10:37:56,915 [UniversalEvolver] INFO UNIVERSAL EVOLUTION COMPLETE
2026-03-26 10:37:56,915 [UniversalEvolver] INFO   Engines run    : ['gp', 'mape', 'audit', 'ensemble']
2026-03-26 10:37:56,915 [UniversalEvolver] INFO   Total picks    : 0
2026-03-26 10:37:56,915 [UniversalEvolver] INFO   Consensus picks: 0
2026-03-26 10:37:56,915 [UniversalEvolver] INFO   Elapsed        : 846.9s
2026-03-26 10:37:56,916 [UniversalEvolver] INFO   Output         : E:\findtorontoevents_antigravity.ca\genome\data\universal_picks.json
2026-03-26 10:37:56,916 [UniversalEvolver] INFO ======================================================================
2026-03-26 10:47:36,069 [UniversalEvolver] INFO ======================================================================
2026-03-26 10:47:36,069 [UniversalEvolver] INFO UNIVERSAL EVOLUTION RUNNER
2026-03-26 10:47:36,069 [UniversalEvolver] INFO Symbols : ['BTCUSDT', 'ETHUSDT', 'SOLUSDT', 'AVAXUSDT', 'DOGEUSDT']
2026-03-26 10:47:36,069 [UniversalEvolver] INFO Engines : ['gp', 'mape', 'audit', 'ensemble']
2026-03-26 10:47:36,069 [UniversalEvolver] INFO Quick   : True
2026-03-26 10:47:36,069 [UniversalEvolver] INFO ======================================================================
2026-03-26 10:47:36,069 [UniversalEvolver] INFO --------------------------------------------------
2026-03-26 10:47:36,069 [UniversalEvolver] INFO Starting engine: gp
2026-03-26 10:47:36,251 [UniversalEvolver] INFO GP: pop=40 gens=10 symbols=['BTCUSDT', 'ETHUSDT', 'SOLUSDT', 'AVAXUSDT', 'DOGEUSDT']
2026-03-26 10:47:36,251 [GeneticProgrammer] INFO ======================================================================
2026-03-26 10:47:36,251 [GeneticProgrammer] INFO GENETIC PROGRAMMING EVOLUTION — New cycle
2026-03-26 10:47:36,251 [GeneticProgrammer] INFO Symbols: ['BTCUSDT', 'ETHUSDT', 'SOLUSDT', 'AVAXUSDT', 'DOGEUSDT'] | Pop: 40 | Gens: 10
2026-03-26 10:47:36,251 [GeneticProgrammer] INFO ======================================================================
2026-03-26 10:47:40,107 [GeneticProgrammer] INFO Fetched BTCUSDT: 750 bars (1h)
2026-03-26 10:47:40,274 [GeneticProgrammer] INFO Fetched ETHUSDT: 750 bars (1h)
2026-03-26 10:47:40,438 [GeneticProgrammer] INFO Fetched SOLUSDT: 750 bars (1h)
2026-03-26 10:47:40,604 [GeneticProgrammer] INFO Fetched AVAXUSDT: 750 bars (1h)
2026-03-26 10:47:40,769 [GeneticProgrammer] INFO Fetched DOGEUSDT: 750 bars (1h)
2026-03-26 10:47:40,808 [GeneticProgrammer] INFO GP Evolution: pop=40, gens=10
2026-03-26 10:47:40,824 [GeneticProgrammer] INFO Seeded 10 prior winners
2026-03-26 10:47:45,344 [GeneticProgrammer] INFO Gen   0 | Best: 0.4532 | Avg: -0.7540 | Stag: 0
2026-03-26 10:47:48,634 [GeneticProgrammer] INFO Gen   1 | Best: 0.4532 | Avg: -0.5673 | Stag: 1
2026-03-26 10:47:51,813 [GeneticProgrammer] INFO Gen   2 | Best: 0.4532 | Avg: -0.3144 | Stag: 2
2026-03-26 10:47:55,209 [GeneticProgrammer] INFO Gen   3 | Best: 0.4735 | Avg: -0.1470 | Stag: 0
2026-03-26 10:47:58,720 [GeneticProgrammer] INFO Gen   4 | Best: 0.4778 | Avg: -0.2218 | Stag: 0
2026-03-26 10:48:02,063 [GeneticProgrammer] INFO Gen   5 | Best: 0.4778 | Avg: -0.1744 | Stag: 1
2026-03-26 10:48:05,228 [GeneticProgrammer] INFO Gen   6 | Best: 0.4967 | Avg: -0.2435 | Stag: 0
2026-03-26 10:48:08,241 [GeneticProgrammer] INFO Gen   7 | Best: 0.5559 | Avg: -0.2566 | Stag: 0
2026-03-26 10:48:11,355 [GeneticProgrammer] INFO Gen   8 | Best: 0.5559 | Avg: -0.1880 | Stag: 1
2026-03-26 10:48:14,316 [GeneticProgrammer] INFO Gen   9 | Best: 0.6135 | Avg: -0.0203 | Stag: 0
2026-03-26 10:48:17,497 [GeneticProgrammer] INFO Saved 40 active picks to E:\findtorontoevents_antigravity.ca\genome\data\gp_active_picks.json
2026-03-26 10:48:17,505 [GeneticProgrammer] INFO Evolution done. Top: GPX_Gen9_0d336b fitness=0.6135
2026-03-26 10:48:17,508 [UniversalEvolver] INFO Read 40 picks from gp_active_picks.json
2026-03-26 10:48:17,508 [UniversalEvolver] INFO Engine gp finished: 40 picks in 41.4s
2026-03-26 10:48:17,508 [UniversalEvolver] INFO --------------------------------------------------
2026-03-26 10:48:17,509 [UniversalEvolver] INFO Starting engine: mape
2026-03-26 10:48:17,527 [UniversalEvolver] INFO MAP-Elites: iterations=500 initial=50 symbols=['BTCUSDT', 'ETHUSDT', 'SOLUSDT', 'AVAXUSDT', 'DOGEUSDT']
2026-03-26 10:48:17,527 [MAPE_Evolver] INFO Fetching market data...
2026-03-26 10:48:20,637 [GeneticProgrammer] INFO Fetched BTCUSDT: 750 bars (1h)
2026-03-26 10:48:20,804 [GeneticProgrammer] INFO Fetched ETHUSDT: 750 bars (1h)
2026-03-26 10:48:20,966 [GeneticProgrammer] INFO Fetched SOLUSDT: 750 bars (1h)
2026-03-26 10:48:21,130 [GeneticProgrammer] INFO Fetched AVAXUSDT: 750 bars (1h)
2026-03-26 10:48:21,301 [GeneticProgrammer] INFO Fetched DOGEUSDT: 750 bars (1h)
2026-03-26 10:48:21,349 [MAPE_Evolver] INFO ======================================================================
2026-03-26 10:48:21,350 [MAPE_Evolver] INFO MAP-ELITES QUALITY-DIVERSITY EVOLUTION
2026-03-26 10:48:21,350 [MAPE_Evolver] INFO Grid: (5, 5, 3, 3, 3) = 675 cells
2026-03-26 10:48:21,350 [MAPE_Evolver] INFO Iterations: 500 | Initial random: 50
2026-03-26 10:48:21,350 [MAPE_Evolver] INFO ======================================================================
2026-03-26 10:48:21,350 [MAPE_Evolver] INFO 
[Phase 1] Random initialization (50 strategies)...
2026-03-26 10:48:21,513 [MAPE_Evolver] INFO   Init 0/50 | Coverage: 1/675 cells (0.1%) | QD: 0.00
2026-03-26 10:48:25,962 [MAPE_Evolver] INFO 
[Phase 2] Illumination (500 iterations)...
2026-03-26 10:48:26,048 [MAPE_Evolver] INFO   Iter     0 | Coverage: 1.6% | QD Score: -2.98 | Best: 0.363 | 
2026-03-26 10:48:43,708 [MAPE_Evolver] INFO   Iter   200 | Coverage: 3.7% | QD Score: 1.25 | Best: 0.393 | +NEW
2026-03-26 10:49:01,631 [MAPE_Evolver] INFO   Iter   400 | Coverage: 4.3% | QD Score: 5.37 | Best: 0.595 | +NEW
2026-03-26 10:49:10,055 [MAPE_Evolver] INFO 
======================================================================
2026-03-26 10:49:10,055 [MAPE_Evolver] INFO MAP-ELITES EVOLUTION COMPLETE
2026-03-26 10:49:10,055 [MAPE_Evolver] INFO Archive Coverage: 4.4%
2026-03-26 10:49:10,056 [MAPE_Evolver] INFO QD Score: 6.782
2026-03-26 10:49:10,056 [MAPE_Evolver] INFO Best Fitness: 0.595
2026-03-26 10:49:10,056 [MAPE_Evolver] INFO ======================================================================
2026-03-26 10:49:10,108 [MAPE_Evolver] INFO Saved 69 MAP-Elites picks to E:\findtorontoevents_antigravity.ca\genome\data\mape_active_picks.json
2026-03-26 10:49:10,119 [UniversalEvolver] INFO Read 69 picks from mape_active_picks.json
2026-03-26 10:49:10,119 [UniversalEvolver] INFO Engine mape finished: 69 picks in 52.6s
2026-03-26 10:49:10,119 [UniversalEvolver] INFO --------------------------------------------------
2026-03-26 10:49:10,119 [UniversalEvolver] INFO Starting engine: audit
2026-03-26 10:49:10,129 [UniversalEvolver] INFO Audit Ensemble: pop=30 gens=10 symbols=['BTCUSDT', 'ETHUSDT', 'SOLUSDT', 'AVAXUSDT', 'DOGEUSDT']
2026-03-26 10:49:10,129 [AuditEnsembleEvolver] INFO Audit Ensemble Evolver: 40 sources, pop=30, gens=10
2026-03-26 10:49:10,219 [AuditEnsembleEvolver] INFO Loaded data: 40 active sources, avg 19.2 picks/source
2026-03-26 10:49:10,244 [AuditEnsembleEvolver] INFO Gen  0 | Best: 1.1257 | Avg: 0.8418 | Stag: 0
2026-03-26 10:49:10,252 [AuditEnsembleEvolver] INFO Gen  1 | Best: 1.1666 | Avg: 0.9013 | Stag: 0
2026-03-26 10:49:10,257 [AuditEnsembleEvolver] INFO Gen  2 | Best: 1.2643 | Avg: 0.9989 | Stag: 0
2026-03-26 10:49:10,269 [AuditEnsembleEvolver] INFO Gen  3 | Best: 1.5220 | Avg: 1.1040 | Stag: 0
2026-03-26 10:49:10,278 [AuditEnsembleEvolver] INFO Gen  4 | Best: 1.5220 | Avg: 1.1434 | Stag: 1
2026-03-26 10:49:10,290 [AuditEnsembleEvolver] INFO Gen  5 | Best: 1.7580 | Avg: 1.2198 | Stag: 0
2026-03-26 10:49:10,301 [AuditEnsembleEvolver] INFO Gen  6 | Best: 2.1647 | Avg: 1.4588 | Stag: 0
2026-03-26 10:49:10,312 [AuditEnsembleEvolver] INFO Gen  7 | Best: 2.2496 | Avg: 1.5580 | Stag: 0
2026-03-26 10:49:10,326 [AuditEnsembleEvolver] INFO Gen  8 | Best: 2.2496 | Avg: 1.7284 | Stag: 1
2026-03-26 10:49:10,338 [AuditEnsembleEvolver] INFO Gen  9 | Best: 2.2794 | Avg: 1.8942 | Stag: 0
2026-03-26 10:49:10,424 [alpha_engine.feed_hygiene] INFO [feed_hygiene] unknown: 0 valid, 1 rejected (no_entry=1, closed=0, has_exit=0, no_symbol=0, other=0)
2026-03-26 10:49:10,425 [AuditEnsembleEvolver] INFO Saved 0 ensemble picks
2026-03-26 10:49:10,428 [AuditEnsembleEvolver] INFO Evolution complete. Picks saved to genome/data/ae_active_picks.json
2026-03-26 10:49:10,429 [UniversalEvolver] INFO Read 0 picks from ae_active_picks.json
2026-03-26 10:49:10,430 [UniversalEvolver] INFO Engine audit finished: 0 picks in 0.3s
2026-03-26 10:49:10,430 [UniversalEvolver] INFO --------------------------------------------------
2026-03-26 10:49:10,431 [UniversalEvolver] INFO Starting engine: ensemble
2026-03-26 10:49:10,469 [UniversalEvolver] INFO Ensemble Coevolution: pop=20 gens=8 symbols=['BTCUSDT', 'ETHUSDT', 'SOLUSDT', 'AVAXUSDT', 'DOGEUSDT']
2026-03-26 10:49:10,469 [EnsembleEvolver] INFO Fetching market data...
2026-03-26 10:49:13,491 [GeneticProgrammer] INFO Fetched BTCUSDT: 750 bars (1h)
2026-03-26 10:49:13,656 [GeneticProgrammer] INFO Fetched ETHUSDT: 750 bars (1h)
2026-03-26 10:49:13,821 [GeneticProgrammer] INFO Fetched SOLUSDT: 750 bars (1h)
2026-03-26 10:49:13,982 [GeneticProgrammer] INFO Fetched AVAXUSDT: 750 bars (1h)
2026-03-26 10:49:14,146 [GeneticProgrammer] INFO Fetched DOGEUSDT: 750 bars (1h)
2026-03-26 10:49:14,180 [EnsembleEvolver] INFO ======================================================================
2026-03-26 10:49:14,180 [EnsembleEvolver] INFO ENSEMBLE COEVOLUTION ENGINE
2026-03-26 10:49:14,180 [EnsembleEvolver] INFO Population: 20 | Generations: 8
2026-03-26 10:49:14,181 [EnsembleEvolver] INFO Ensemble size: (3, 8)
2026-03-26 10:49:14,181 [EnsembleEvolver] INFO ======================================================================
2026-03-26 10:49:14,181 [EnsembleEvolver] INFO 
Initializing population...
2026-03-26 10:51:20,041 [EnsembleEvolver] INFO Gen   0 | Best: 0.1805 | Avg: -0.0300 | Hall of Fame: 0
2026-03-26 10:52:49,184 [EnsembleEvolver] INFO Gen   1 | Best: 0.2747 | Avg: 0.0599 | Hall of Fame: 0
2026-03-26 10:54:39,521 [EnsembleEvolver] INFO Gen   2 | Best: 0.3769 | Avg: 0.0410 | Hall of Fame: 1
2026-03-26 10:56:02,776 [EnsembleEvolver] INFO Gen   3 | Best: 0.5832 | Avg: 0.1878 | Hall of Fame: 4
2026-03-26 10:57:19,224 [EnsembleEvolver] INFO Gen   4 | Best: 0.5832 | Avg: 0.3172 | Hall of Fame: 7
2026-03-26 10:58:32,849 [EnsembleEvolver] INFO Gen   5 | Best: 0.5832 | Avg: 0.2941 | Hall of Fame: 10
2026-03-26 10:59:43,939 [EnsembleEvolver] INFO Gen   6 | Best: 0.5832 | Avg: 0.3371 | Hall of Fame: 13
2026-03-26 11:01:08,388 [EnsembleEvolver] INFO Gen   7 | Best: 0.5832 | Avg: 0.3234 | Hall of Fame: 16
2026-03-26 11:03:01,413 [EnsembleEvolver] INFO Saved 25 ensemble picks to E:\findtorontoevents_antigravity.ca\genome\data\ensemble_active_picks.json
2026-03-26 11:03:01,419 [UniversalEvolver] INFO Read 25 picks from ensemble_active_picks.json
2026-03-26 11:03:01,419 [UniversalEvolver] INFO Engine ensemble finished: 25 picks in 831.0s
2026-03-26 11:03:01,419 [alpha_engine.feed_hygiene] INFO [feed_hygiene] unknown: 0 valid, 134 rejected (no_entry=134, closed=0, has_exit=0, no_symbol=0, other=0)
2026-03-26 11:03:01,419 [alpha_engine.feed_hygiene] INFO [feed_hygiene] unknown: 0 valid, 10 rejected (no_entry=10, closed=0, has_exit=0, no_symbol=0, other=0)
2026-03-26 11:03:01,419 [UniversalEvolver] INFO Feed hygiene: removed 134 invalid picks
2026-03-26 11:03:01,424 [UniversalEvolver] INFO ======================================================================
2026-03-26 11:03:01,424 [UniversalEvolver] INFO UNIVERSAL EVOLUTION COMPLETE
2026-03-26 11:03:01,424 [UniversalEvolver] INFO   Engines run    : ['gp', 'mape', 'audit', 'ensemble']
2026-03-26 11:03:01,424 [UniversalEvolver] INFO   Total picks    : 0
2026-03-26 11:03:01,424 [UniversalEvolver] INFO   Consensus picks: 0
2026-03-26 11:03:01,424 [UniversalEvolver] INFO   Elapsed        : 925.4s
2026-03-26 11:03:01,424 [UniversalEvolver] INFO   Output         : E:\findtorontoevents_antigravity.ca\genome\data\universal_picks.json
2026-03-26 11:03:01,425 [UniversalEvolver] INFO ======================================================================
2026-03-26 11:04:24,183 [UniversalEvolver] INFO ======================================================================
2026-03-26 11:04:24,183 [UniversalEvolver] INFO UNIVERSAL EVOLUTION RUNNER
2026-03-26 11:04:24,183 [UniversalEvolver] INFO Symbols : ['BTCUSDT', 'ETHUSDT', 'SOLUSDT', 'AVAXUSDT', 'DOGEUSDT']
2026-03-26 11:04:24,184 [UniversalEvolver] INFO Engines : ['gp', 'mape', 'audit', 'ensemble']
2026-03-26 11:04:24,184 [UniversalEvolver] INFO Quick   : True
2026-03-26 11:04:24,184 [UniversalEvolver] INFO ======================================================================
2026-03-26 11:04:24,184 [UniversalEvolver] INFO --------------------------------------------------
2026-03-26 11:04:24,184 [UniversalEvolver] INFO Starting engine: gp
2026-03-26 11:04:24,329 [UniversalEvolver] INFO GP: pop=40 gens=10 symbols=['BTCUSDT', 'ETHUSDT', 'SOLUSDT', 'AVAXUSDT', 'DOGEUSDT']
2026-03-26 11:04:24,329 [GeneticProgrammer] INFO ======================================================================
2026-03-26 11:04:24,329 [GeneticProgrammer] INFO GENETIC PROGRAMMING EVOLUTION — New cycle
2026-03-26 11:04:24,329 [GeneticProgrammer] INFO Symbols: ['BTCUSDT', 'ETHUSDT', 'SOLUSDT', 'AVAXUSDT', 'DOGEUSDT'] | Pop: 40 | Gens: 10
2026-03-26 11:04:24,329 [GeneticProgrammer] INFO ======================================================================
2026-03-26 11:04:27,748 [GeneticProgrammer] INFO Fetched BTCUSDT: 750 bars (1h)
2026-03-26 11:04:27,910 [GeneticProgrammer] INFO Fetched ETHUSDT: 750 bars (1h)
2026-03-26 11:04:28,071 [GeneticProgrammer] INFO Fetched SOLUSDT: 750 bars (1h)
2026-03-26 11:04:28,236 [GeneticProgrammer] INFO Fetched AVAXUSDT: 750 bars (1h)
2026-03-26 11:04:28,399 [GeneticProgrammer] INFO Fetched DOGEUSDT: 750 bars (1h)
2026-03-26 11:04:28,425 [GeneticProgrammer] INFO GP Evolution: pop=40, gens=10
2026-03-26 11:04:28,442 [GeneticProgrammer] INFO Seeded 10 prior winners
2026-03-26 11:04:31,157 [GeneticProgrammer] INFO Gen   0 | Best: 0.4650 | Avg: -0.7924 | Stag: 0
2026-03-26 11:04:33,243 [GeneticProgrammer] INFO Gen   1 | Best: 0.4650 | Avg: -0.5240 | Stag: 1
2026-03-26 11:04:35,128 [GeneticProgrammer] INFO Gen   2 | Best: 0.4650 | Avg: -0.2926 | Stag: 2
2026-03-26 11:04:37,268 [GeneticProgrammer] INFO Gen   3 | Best: 0.4650 | Avg: -0.1492 | Stag: 3
2026-03-26 11:04:39,625 [GeneticProgrammer] INFO Gen   4 | Best: 0.4650 | Avg: -0.2242 | Stag: 4
2026-03-26 11:04:41,625 [GeneticProgrammer] INFO Gen   5 | Best: 0.4650 | Avg: -0.4060 | Stag: 5
2026-03-26 11:04:43,796 [GeneticProgrammer] INFO Gen   6 | Best: 0.4650 | Avg: -0.3926 | Stag: 6
2026-03-26 11:04:45,904 [GeneticProgrammer] INFO Gen   7 | Best: 0.4650 | Avg: -0.3598 | Stag: 7
2026-03-26 11:04:48,007 [GeneticProgrammer] INFO Gen   8 | Best: 0.4650 | Avg: -0.4005 | Stag: 8
2026-03-26 11:04:50,023 [GeneticProgrammer] INFO Gen   9 | Best: 0.4650 | Avg: -0.5226 | Stag: 9
2026-03-26 11:04:52,097 [GeneticProgrammer] INFO Saved 26 active picks to E:\findtorontoevents_antigravity.ca\genome\data\gp_active_picks.json
2026-03-26 11:04:52,105 [GeneticProgrammer] INFO Evolution done. Top: GPBonus_LiquiditySweep fitness=0.4650
2026-03-26 11:04:52,108 [UniversalEvolver] INFO Read 26 picks from gp_active_picks.json
2026-03-26 11:04:52,108 [UniversalEvolver] INFO Engine gp finished: 26 picks in 27.9s
2026-03-26 11:04:52,108 [UniversalEvolver] INFO --------------------------------------------------
2026-03-26 11:04:52,109 [UniversalEvolver] INFO Starting engine: mape
2026-03-26 11:04:52,122 [UniversalEvolver] INFO MAP-Elites: iterations=500 initial=50 symbols=['BTCUSDT', 'ETHUSDT', 'SOLUSDT', 'AVAXUSDT', 'DOGEUSDT']
2026-03-26 11:04:52,122 [MAPE_Evolver] INFO Fetching market data...
2026-03-26 11:04:54,712 [GeneticProgrammer] INFO Fetched BTCUSDT: 750 bars (1h)
2026-03-26 11:04:54,875 [GeneticProgrammer] INFO Fetched ETHUSDT: 750 bars (1h)
2026-03-26 11:04:55,039 [GeneticProgrammer] INFO Fetched SOLUSDT: 750 bars (1h)
2026-03-26 11:04:55,200 [GeneticProgrammer] INFO Fetched AVAXUSDT: 750 bars (1h)
2026-03-26 11:04:55,512 [GeneticProgrammer] INFO Fetched DOGEUSDT: 750 bars (1h)
2026-03-26 11:04:55,540 [MAPE_Evolver] INFO ======================================================================
2026-03-26 11:04:55,540 [MAPE_Evolver] INFO MAP-ELITES QUALITY-DIVERSITY EVOLUTION
2026-03-26 11:04:55,540 [MAPE_Evolver] INFO Grid: (5, 5, 3, 3, 3) = 675 cells
2026-03-26 11:04:55,540 [MAPE_Evolver] INFO Iterations: 500 | Initial random: 50
2026-03-26 11:04:55,541 [MAPE_Evolver] INFO ======================================================================
2026-03-26 11:04:55,541 [MAPE_Evolver] INFO 
[Phase 1] Random initialization (50 strategies)...
2026-03-26 11:04:55,578 [MAPE_Evolver] INFO   Init 0/50 | Coverage: 1/675 cells (0.1%) | QD: -0.38
2026-03-26 11:04:58,170 [MAPE_Evolver] INFO 
[Phase 2] Illumination (500 iterations)...
2026-03-26 11:04:58,211 [MAPE_Evolver] INFO   Iter     0 | Coverage: 1.5% | QD Score: -3.27 | Best: 0.287 | 
2026-03-26 11:05:24,959 [MAPE_Evolver] INFO 
======================================================================
2026-03-26 11:05:24,960 [MAPE_Evolver] INFO MAP-ELITES EVOLUTION COMPLETE
2026-03-26 11:05:24,960 [MAPE_Evolver] INFO Archive Coverage: 4.1%
2026-03-26 11:05:24,960 [MAPE_Evolver] INFO QD Score: 5.258
2026-03-26 11:05:24,960 [MAPE_Evolver] INFO Best Fitness: 0.588
2026-03-26 11:05:24,960 [MAPE_Evolver] INFO ======================================================================
2026-03-26 11:05:25,001 [MAPE_Evolver] INFO Saved 39 MAP-Elites picks to E:\findtorontoevents_antigravity.ca\genome\data\mape_active_picks.json
2026-03-26 11:05:25,010 [UniversalEvolver] INFO Read 39 picks from mape_active_picks.json
2026-03-26 11:05:25,010 [UniversalEvolver] INFO Engine mape finished: 39 picks in 32.9s
2026-03-26 11:05:25,010 [UniversalEvolver] INFO --------------------------------------------------
2026-03-26 11:05:25,010 [UniversalEvolver] INFO Starting engine: audit
2026-03-26 11:05:25,011 [UniversalEvolver] INFO Audit Ensemble: pop=30 gens=10 symbols=['BTCUSDT', 'ETHUSDT', 'SOLUSDT', 'AVAXUSDT', 'DOGEUSDT']
2026-03-26 11:05:25,012 [AuditEnsembleEvolver] INFO Audit Ensemble Evolver: 40 sources, pop=30, gens=10
2026-03-26 11:05:25,059 [AuditEnsembleEvolver] INFO Loaded data: 40 active sources, avg 19.2 picks/source
2026-03-26 11:05:25,074 [AuditEnsembleEvolver] INFO Gen  0 | Best: 1.4270 | Avg: 0.8210 | Stag: 0
2026-03-26 11:05:25,080 [AuditEnsembleEvolver] INFO Gen  1 | Best: 1.7597 | Avg: 0.9349 | Stag: 0
2026-03-26 11:05:25,086 [AuditEnsembleEvolver] INFO Gen  2 | Best: 1.9129 | Avg: 1.1369 | Stag: 0
2026-03-26 11:05:25,091 [AuditEnsembleEvolver] INFO Gen  3 | Best: 2.1028 | Avg: 1.3080 | Stag: 0
2026-03-26 11:05:25,099 [AuditEnsembleEvolver] INFO Gen  4 | Best: 2.1638 | Avg: 1.5462 | Stag: 0
2026-03-26 11:05:25,105 [AuditEnsembleEvolver] INFO Gen  5 | Best: 2.6040 | Avg: 1.8510 | Stag: 0
2026-03-26 11:05:25,111 [AuditEnsembleEvolver] INFO Gen  6 | Best: 2.6142 | Avg: 1.9573 | Stag: 0
2026-03-26 11:05:25,120 [AuditEnsembleEvolver] INFO Gen  7 | Best: 3.0343 | Avg: 2.1592 | Stag: 0
2026-03-26 11:05:25,129 [AuditEnsembleEvolver] INFO Gen  8 | Best: 3.0343 | Avg: 2.3664 | Stag: 1
2026-03-26 11:05:25,135 [AuditEnsembleEvolver] INFO Gen  9 | Best: 3.0712 | Avg: 2.5522 | Stag: 0
2026-03-26 11:05:25,196 [alpha_engine.feed_hygiene] INFO [feed_hygiene] unknown: 0 valid, 2 rejected (no_entry=2, closed=0, has_exit=0, no_symbol=0, other=0)
2026-03-26 11:05:25,197 [AuditEnsembleEvolver] INFO Saved 0 ensemble picks
2026-03-26 11:05:25,199 [AuditEnsembleEvolver] INFO Evolution complete. Picks saved to genome/data/ae_active_picks.json
2026-03-26 11:05:25,199 [UniversalEvolver] INFO Read 0 picks from ae_active_picks.json
2026-03-26 11:05:25,200 [UniversalEvolver] INFO Engine audit finished: 0 picks in 0.2s
2026-03-26 11:05:25,200 [UniversalEvolver] INFO --------------------------------------------------
2026-03-26 11:05:25,200 [UniversalEvolver] INFO Starting engine: ensemble
2026-03-26 11:05:25,217 [UniversalEvolver] INFO Ensemble Coevolution: pop=20 gens=8 symbols=['BTCUSDT', 'ETHUSDT', 'SOLUSDT', 'AVAXUSDT', 'DOGEUSDT']
2026-03-26 11:05:25,217 [EnsembleEvolver] INFO Fetching market data...
2026-03-26 11:05:27,771 [GeneticProgrammer] INFO Fetched BTCUSDT: 750 bars (1h)
2026-03-26 11:05:28,072 [GeneticProgrammer] INFO Fetched ETHUSDT: 750 bars (1h)
2026-03-26 11:05:28,234 [GeneticProgrammer] INFO Fetched SOLUSDT: 750 bars (1h)
2026-03-26 11:05:28,394 [GeneticProgrammer] INFO Fetched AVAXUSDT: 750 bars (1h)
2026-03-26 11:05:28,555 [GeneticProgrammer] INFO Fetched DOGEUSDT: 750 bars (1h)
2026-03-26 11:05:28,584 [EnsembleEvolver] INFO ======================================================================
2026-03-26 11:05:28,584 [EnsembleEvolver] INFO ENSEMBLE COEVOLUTION ENGINE
2026-03-26 11:05:28,584 [EnsembleEvolver] INFO Population: 20 | Generations: 8
2026-03-26 11:05:28,584 [EnsembleEvolver] INFO Ensemble size: (3, 8)
2026-03-26 11:05:28,584 [EnsembleEvolver] INFO ======================================================================
2026-03-26 11:05:28,584 [EnsembleEvolver] INFO 
Initializing population...
2026-03-26 11:06:38,209 [EnsembleEvolver] INFO Gen   0 | Best: 0.1896 | Avg: 0.0151 | Hall of Fame: 0
2026-03-26 11:07:30,035 [EnsembleEvolver] INFO Gen   1 | Best: 0.1964 | Avg: 0.0470 | Hall of Fame: 0
