2026-03-26T09:44:44 [INFO] === Universal Pick Resolver starting ===
2026-03-26T09:44:45 [INFO] Primary prices from api.binance.com: 3547 tickers
2026-03-26T09:44:45 [INFO] CoinGecko backfilled 1 missing symbols
2026-03-26T09:45:34 [INFO]   TP_HIT aggregated_picks BTCUSDT LONG pnl=+3.50%
2026-03-26T09:45:34 [INFO]   SL_HIT aggregated_picks ADAUSDT LONG pnl=-1.21%
2026-03-26T09:52:01 [INFO] 
2026-03-26T09:52:01 [INFO] ======================================================================
2026-03-26T09:52:01 [INFO] UNIVERSAL PICK RESOLVER ù Summary
2026-03-26T09:52:01 [INFO] ======================================================================
2026-03-26T09:52:01 [INFO] Systems scanned: 24
2026-03-26T09:52:01 [INFO] Active picks checked: 634
2026-03-26T09:52:01 [INFO] Newly resolved: 2 (TP: 1, SL: 1, Expired: 0)
2026-03-26T09:52:01 [INFO] Total resolved (cumulative): 1415
2026-03-26T09:52:01 [INFO] 
2026-03-26T09:52:01 [INFO] Per-system breakdown:
2026-03-26T09:52:01 [INFO]   aggregated_picks               checked=9 resolved=2 (TP:1 SL:1 EXP:0) no_price=3
2026-03-26T09:52:01 [INFO]   alpha_engine                   checked=6 resolved=0 (TP:0 SL:0 EXP:0) no_price=4
2026-03-26T09:52:01 [INFO]   audit_ensemble                 checked=4 resolved=0 (TP:0 SL:0 EXP:0) no_price=0
2026-03-26T09:52:01 [INFO]   battleground                   checked=4 resolved=0 (TP:0 SL:0 EXP:0) no_price=0
2026-03-26T09:52:01 [INFO]   copy_trader_intel              checked=10 resolved=0 (TP:0 SL:0 EXP:0) no_price=5
2026-03-26T09:52:01 [INFO]   crypto_ml_edge                 checked=9 resolved=0 (TP:0 SL:0 EXP:0) no_price=9
2026-03-26T09:52:01 [INFO]   dna_winner_picks               checked=3 resolved=0 (TP:0 SL:0 EXP:0) no_price=0
2026-03-26T09:52:01 [INFO]   ensemble_evolver               checked=25 resolved=0 (TP:0 SL:0 EXP:0) no_price=0
2026-03-26T09:52:01 [INFO]   failure_evolver                checked=3 resolved=0 (TP:0 SL:0 EXP:0) no_price=0
2026-03-26T09:52:01 [INFO]   genetic_programmer             checked=50 resolved=0 (TP:0 SL:0 EXP:0) no_price=0
2026-03-26T09:52:01 [INFO]   genome                         checked=4 resolved=0 (TP:0 SL:0 EXP:0) no_price=0
2026-03-26T09:52:01 [INFO]   goldmine_unified               checked=33 resolved=0 (TP:0 SL:0 EXP:0) no_price=33
2026-03-26T09:52:01 [INFO]   hyperparam_dna                 checked=8 resolved=0 (TP:0 SL:0 EXP:0) no_price=0
2026-03-26T09:52:01 [INFO]   luxalgo_filters                checked=3 resolved=0 (TP:0 SL:0 EXP:0) no_price=0
2026-03-26T09:52:01 [INFO]   mape_evolver                   checked=27 resolved=0 (TP:0 SL:0 EXP:0) no_price=0
2026-03-26T09:52:01 [INFO]   ml_crypto_pred                 checked=27 resolved=0 (TP:0 SL:0 EXP:0) no_price=0
2026-03-26T09:52:01 [INFO]   multi_asset                    checked=39 resolved=0 (TP:0 SL:0 EXP:0) no_price=39
2026-03-26T09:52:01 [INFO]   mutation_lab                   checked=2 resolved=0 (TP:0 SL:0 EXP:0) no_price=0
2026-03-26T09:52:01 [INFO]   neat_neural                    checked=8 resolved=0 (TP:0 SL:0 EXP:0) no_price=0
2026-03-26T09:52:01 [INFO]   quan_engine                    checked=3 resolved=0 (TP:0 SL:0 EXP:0) no_price=0
2026-03-26T09:52:01 [INFO]   regime_terminal                checked=9 resolved=0 (TP:0 SL:0 EXP:0) no_price=9
2026-03-26T09:52:01 [INFO]   signal_validation              checked=8 resolved=0 (TP:0 SL:0 EXP:0) no_price=4
2026-03-26T09:52:01 [INFO]   stocks_competition             checked=336 resolved=0 (TP:0 SL:0 EXP:0) no_price=336
2026-03-26T09:52:01 [INFO]   universal_picks                checked=4 resolved=0 (TP:0 SL:0 EXP:0) no_price=0
2026-03-26T09:52:01 [INFO] ======================================================================
2026-03-26T09:52:01 [INFO] Resolved picks saved to: E:\findtorontoevents_antigravity.ca\audit_trail\data\universal_resolved_picks.json
