  [PATTERN] Loaded 33 patterns from E:\findtorontoevents_antigravity.ca\alpha_engine\data\pattern_stats.json
  [CALIBRATION] platt on 456 picks: ECE=0.0329
  [DRIFT] ** MODEL DRIFT DETECTED ** ECE increased 928% -- consider retraining
  [CIRCUIT BREAKER] LOCKED since 2026-03-27T18:27:05.206006+00:00 -- status=EMERGENCY
  [CIRCUIT BREAKER] To reset: delete circuit_breaker.json or set status to NORMAL

[RISK] Circuit breaker LOCKED -- refusing to generate new picks.
[RISK] To reset: delete data/circuit_breaker.json or set status=NORMAL
  [RISK] Pre-generation check failed (non-fatal): 'total_closed'

[ANOMALY] Running prediction anomaly detector...
  [ANOMALY] 4 CRITICAL alert(s) -- portfolio sizing reduced to 50%
  [ANOMALY] 10 alert(s): 4 CRITICAL, 6 WARNING, 0 INFO
  [ANOMALY] Sizing multiplier = 0.5 (CRITICAL alerts active)

[UNIVERSE] Running dynamic symbol rotation...
  Universe unchanged (all symbols have healthy volume)
  [MISSED-OPP] Added 20 symbols from analyzer: BTRUSDT, ARIAUSDT, JCTUSDT, BRUSDT, CYSUSDT...
[CONTEXT] Fetching market context...
  [WARN] BTC dominance: 429 Client Error: Too Many Requests for url: https://api.coingecko.com/api/v3/global
  [FAST REGIME] FGI override: 12 (Extreme Fear) forced CHOPPY->BEAR
  [FAST REGIME] BTCUSDT: BEAR (score=1, conf=70%) funding=NEUTRAL premium=NEUTRAL momentum=BULLISH fgi=12 [655ms]
  BTC=$67004.26  ETH=$2026.03  F&G=12  Regime=capitulation  FastRegime=BEAR
  Cycle: Decline  Season: NEUTRAL  DOW: NEUTRAL

[CYCLE] Running forward validator full cycle...

[GENERATE] Running scanner...
object address  : 000001B3FB273F40
object refcount : 3
object type     : 00007FFE241BCA80
object type name: ValueError
object repr     : ValueError('I/O operation on closed file.')
lost sys.stderr
