2026-05-17 04:55:39,845 - __main__ - INFO - 📊 Loaded 315 historical signals
2026-05-17 04:55:39,848 - __main__ - INFO - ✅ Loaded 0 validation results
2026-05-17 04:55:39,849 - __main__ - INFO - ======================================================================
2026-05-17 04:55:39,849 - __main__ - INFO - 🔍 SIGNAL VALIDATION CYCLE STARTING
2026-05-17 04:55:39,849 - __main__ - INFO - ======================================================================
2026-05-17 04:55:39,849 - __main__ - INFO - Running validations for 0 signals...
2026-05-17 04:55:42,211 - __main__ - INFO - Validated 0 signals, closed 0
2026-05-17 04:55:42,214 - __main__ - INFO - 🎯 Optimizing BTC-USD: focus on 4h timeframe
2026-05-17 04:55:42,215 - __main__ - WARNING - 🚫 Disabling SOL-USD: accuracy 50.0% too low
2026-05-17 04:55:42,215 - __main__ - INFO - 🎯 Optimizing DOT-USD: focus on 8h timeframe
2026-05-17 04:55:42,215 - __main__ - WARNING - 🚫 Disabling DOGE-USD: accuracy 33.3% too low
2026-05-17 04:55:42,216 - __main__ - WARNING - 🚫 Disabling GBP-USD: accuracy 35.7% too low
2026-05-17 04:55:42,216 - __main__ - INFO - 🎯 Optimizing USD-JPY: focus on 48h timeframe
2026-05-17 04:55:42,216 - __main__ - WARNING - 🚫 Disabling USD-CHF: accuracy 45.5% too low
2026-05-17 04:55:42,217 - __main__ - WARNING - 🚫 Disabling AUD-USD: accuracy 54.5% too low
2026-05-17 04:55:42,792 - __main__ - INFO - ======================================================================
2026-05-17 04:55:42,792 - __main__ - INFO - ✅ VALIDATION CYCLE COMPLETE
2026-05-17 04:55:42,792 - __main__ - INFO -    Validated: 0 signals
2026-05-17 04:55:42,792 - __main__ - INFO -    Tweaks: 8 applied
2026-05-17 04:55:42,793 - __main__ - INFO -    Report: OPTIMIZATION_REPORT.md
2026-05-17 04:55:42,793 - __main__ - INFO - ======================================================================
