=== FAILING GITHUB ACTIONS ===
- Pick Monitor & Price Validator (30min): cancelled at 2026-03-26T13:30:45Z (https://github.com/eltonaguiar/findtorontoevents_antigravity.ca/actions/runs/23596967939)
- MOMENTUM CATCHER - Real-time Pump Detector: cancelled at 2026-03-26T13:05:25Z (https://github.com/eltonaguiar/findtorontoevents_antigravity.ca/actions/runs/23595846562)

=== PAYLOADS ANALYSIS ===
[DATA] data\aggregated_picks.json: 9 rows. First row missing 0/27 fields.
[DICT] data\component_perf_daily.json: 5 keys
[DICT] data\data_quality_report.json: 7 keys
[DICT] data\favcreators_creators.json: 1 keys
[DICT] data\fc_crypto_pro_picks.json: 9 keys
[DATA] data\freshpicks_consensus_sent.json: 500 rows. First row missing 0/0 fields.
[DICT] data\freshpicks_gate_state.json: 2 keys
[DICT] data\grok_top_picks.json: 5 keys
[DICT] data\health_status.json: 2 keys
[DICT] data\meme_scanner_active.json: 3 keys
[DICT] data\spike_trader_active.json: 3 keys
[DICT] data\weekly_pm_report.json: 7 keys
[DATA] predictions/data\active_predictions.json: 324 rows. First row missing 5/20 fields.
[DICT] predictions/data\analyst_active_calls.json: 3 keys
[DICT] predictions/data\analyst_leaderboard.json: 4 keys
[DICT] predictions/data\leaderboard.json: 5 keys
