
Running 4 tests using 1 worker

[1A[2K[1/4] events-loading.spec.ts:8:7 ÔÇ║ Events loading at http://127.0.0.1:123/ ÔÇ║ page loads and events grid exists
[1A[2K  1) events-loading.spec.ts:8:7 ÔÇ║ Events loading at http://127.0.0.1:123/ ÔÇ║ page loads and events grid exists 

    Error: page.goto: net::ERR_UNSAFE_PORT at http://127.0.0.1:123/
    Call log:
    [2m  - navigating to "http://127.0.0.1:123/", waiting until "domcontentloaded"[22m


       7 | test.describe('Events loading at http://127.0.0.1:123/', () => {
       8 |   test('page loads and events grid exists', async ({ page }) => {
    >  9 |     await page.goto(BASE + '/', { waitUntil: 'domcontentloaded' });
         |                ^
      10 |     const grid = page.locator(EVENTS_GRID);
      11 |     await expect(grid).toBeVisible();
      12 |   });
        at E:\findtorontoevents_antigravity.ca\events-loading.spec.ts:9:16

    attachment #1: screenshot (image/png) ÔöÇÔöÇÔöÇÔöÇÔöÇÔöÇÔöÇÔöÇÔöÇÔöÇÔöÇÔöÇÔöÇÔöÇÔöÇÔöÇÔöÇÔöÇÔöÇÔöÇÔöÇÔöÇÔöÇÔöÇÔöÇÔöÇÔöÇÔöÇÔöÇÔöÇÔöÇÔöÇÔöÇÔöÇÔöÇÔöÇÔöÇÔöÇÔöÇÔöÇÔöÇÔöÇÔöÇÔöÇÔöÇÔöÇÔöÇÔöÇÔöÇÔöÇÔöÇÔöÇÔöÇÔöÇÔöÇÔöÇÔöÇÔöÇ
    test-results\events-loading-Events-load-27204-oads-and-events-grid-exists\test-failed-1.png
    ÔöÇÔöÇÔöÇÔöÇÔöÇÔöÇÔöÇÔöÇÔöÇÔöÇÔöÇÔöÇÔöÇÔöÇÔöÇÔöÇÔöÇÔöÇÔöÇÔöÇÔöÇÔöÇÔöÇÔöÇÔöÇÔöÇÔöÇÔöÇÔöÇÔöÇÔöÇÔöÇÔöÇÔöÇÔöÇÔöÇÔöÇÔöÇÔöÇÔöÇÔöÇÔöÇÔöÇÔöÇÔöÇÔöÇÔöÇÔöÇÔöÇÔöÇÔöÇÔöÇÔöÇÔöÇÔöÇÔöÇÔöÇÔöÇÔöÇÔöÇÔöÇÔöÇÔöÇÔöÇÔöÇÔöÇÔöÇÔöÇÔöÇÔöÇÔöÇÔöÇÔöÇÔöÇÔöÇÔöÇÔöÇÔöÇÔöÇÔöÇÔöÇÔöÇÔöÇÔöÇÔöÇÔöÇÔöÇÔöÇÔöÇÔöÇÔöÇÔöÇÔöÇÔöÇÔöÇÔöÇ


[1A[2K[2/4] events-loading.spec.ts:14:7 ÔÇ║ Events loading at http://127.0.0.1:123/ ÔÇ║ React app shows real event cards (links to events)
[1A[2K  2) events-loading.spec.ts:14:7 ÔÇ║ Events loading at http://127.0.0.1:123/ ÔÇ║ React app shows real event cards (links to events) 

    Error: page.goto: net::ERR_UNSAFE_PORT at http://127.0.0.1:123/
    Call log:
    [2m  - navigating to "http://127.0.0.1:123/", waiting until "networkidle"[22m


      13 |
      14 |   test('React app shows real event cards (links to events)', async ({ page }) => {
    > 15 |     await page.goto(BASE + '/', { waitUntil: 'networkidle' });
         |                ^
      16 |     const grid = page.locator(EVENTS_GRID);
      17 |     await expect(grid).toBeVisible();
      18 |     const eventLinks = grid.locator('a[href*="http"]');
        at E:\findtorontoevents_antigravity.ca\events-loading.spec.ts:15:16

    attachment #1: screenshot (image/png) ÔöÇÔöÇÔöÇÔöÇÔöÇÔöÇÔöÇÔöÇÔöÇÔöÇÔöÇÔöÇÔöÇÔöÇÔöÇÔöÇÔöÇÔöÇÔöÇÔöÇÔöÇÔöÇÔöÇÔöÇÔöÇÔöÇÔöÇÔöÇÔöÇÔöÇÔöÇÔöÇÔöÇÔöÇÔöÇÔöÇÔöÇÔöÇÔöÇÔöÇÔöÇÔöÇÔöÇÔöÇÔöÇÔöÇÔöÇÔöÇÔöÇÔöÇÔöÇÔöÇÔöÇÔöÇÔöÇÔöÇÔöÇÔöÇ
    test-results\events-loading-Events-load-63848-vent-cards-links-to-events-\test-failed-1.png
    ÔöÇÔöÇÔöÇÔöÇÔöÇÔöÇÔöÇÔöÇÔöÇÔöÇÔöÇÔöÇÔöÇÔöÇÔöÇÔöÇÔöÇÔöÇÔöÇÔöÇÔöÇÔöÇÔöÇÔöÇÔöÇÔöÇÔöÇÔöÇÔöÇÔöÇÔöÇÔöÇÔöÇÔöÇÔöÇÔöÇÔöÇÔöÇÔöÇÔöÇÔöÇÔöÇÔöÇÔöÇÔöÇÔöÇÔöÇÔöÇÔöÇÔöÇÔöÇÔöÇÔöÇÔöÇÔöÇÔöÇÔöÇÔöÇÔöÇÔöÇÔöÇÔöÇÔöÇÔöÇÔöÇÔöÇÔöÇÔöÇÔöÇÔöÇÔöÇÔöÇÔöÇÔöÇÔöÇÔöÇÔöÇÔöÇÔöÇÔöÇÔöÇÔöÇÔöÇÔöÇÔöÇÔöÇÔöÇÔöÇÔöÇÔöÇÔöÇÔöÇÔöÇÔöÇÔöÇÔöÇ


[1A[2K[3/4] events-loading.spec.ts:23:7 ÔÇ║ Events loading at http://127.0.0.1:123/ ÔÇ║ full UI has filter/search (GLOBAL FEED or search bar)
[1A[2K  3) events-loading.spec.ts:23:7 ÔÇ║ Events loading at http://127.0.0.1:123/ ÔÇ║ full UI has filter/search (GLOBAL FEED or search bar) 

    Error: page.goto: net::ERR_UNSAFE_PORT at http://127.0.0.1:123/
    Call log:
    [2m  - navigating to "http://127.0.0.1:123/", waiting until "networkidle"[22m


      22 |
      23 |   test('full UI has filter/search (GLOBAL FEED or search bar)', async ({ page }) => {
    > 24 |     await page.goto(BASE + '/', { waitUntil: 'networkidle' });
         |                ^
      25 |     await expect(
      26 |       page.getByText('GLOBAL FEED').or(page.getByPlaceholder(/search toronto events/i))
      27 |     ).toBeVisible({ timeout: REACT_LOAD_WAIT_MS });
        at E:\findtorontoevents_antigravity.ca\events-loading.spec.ts:24:16

    attachment #1: screenshot (image/png) ÔöÇÔöÇÔöÇÔöÇÔöÇÔöÇÔöÇÔöÇÔöÇÔöÇÔöÇÔöÇÔöÇÔöÇÔöÇÔöÇÔöÇÔöÇÔöÇÔöÇÔöÇÔöÇÔöÇÔöÇÔöÇÔöÇÔöÇÔöÇÔöÇÔöÇÔöÇÔöÇÔöÇÔöÇÔöÇÔöÇÔöÇÔöÇÔöÇÔöÇÔöÇÔöÇÔöÇÔöÇÔöÇÔöÇÔöÇÔöÇÔöÇÔöÇÔöÇÔöÇÔöÇÔöÇÔöÇÔöÇÔöÇÔöÇ
    test-results\events-loading-Events-load-6a63d--GLOBAL-FEED-or-search-bar-\test-failed-1.png
    ÔöÇÔöÇÔöÇÔöÇÔöÇÔöÇÔöÇÔöÇÔöÇÔöÇÔöÇÔöÇÔöÇÔöÇÔöÇÔöÇÔöÇÔöÇÔöÇÔöÇÔöÇÔöÇÔöÇÔöÇÔöÇÔöÇÔöÇÔöÇÔöÇÔöÇÔöÇÔöÇÔöÇÔöÇÔöÇÔöÇÔöÇÔöÇÔöÇÔöÇÔöÇÔöÇÔöÇÔöÇÔöÇÔöÇÔöÇÔöÇÔöÇÔöÇÔöÇÔöÇÔöÇÔöÇÔöÇÔöÇÔöÇÔöÇÔöÇÔöÇÔöÇÔöÇÔöÇÔöÇÔöÇÔöÇÔöÇÔöÇÔöÇÔöÇÔöÇÔöÇÔöÇÔöÇÔöÇÔöÇÔöÇÔöÇÔöÇÔöÇÔöÇÔöÇÔöÇÔöÇÔöÇÔöÇÔöÇÔöÇÔöÇÔöÇÔöÇÔöÇÔöÇÔöÇÔöÇÔöÇ


[1A[2K[4/4] events-loading.spec.ts:30:7 ÔÇ║ Events loading at http://127.0.0.1:123/ ÔÇ║ no critical JS errors in console
[1A[2K  4) events-loading.spec.ts:30:7 ÔÇ║ Events loading at http://127.0.0.1:123/ ÔÇ║ no critical JS errors in console 

    Error: page.goto: net::ERR_UNSAFE_PORT at http://127.0.0.1:123/
    Call log:
    [2m  - navigating to "http://127.0.0.1:123/", waiting until "networkidle"[22m


      37 |       }
      38 |     });
    > 39 |     await page.goto(BASE + '/', { waitUntil: 'networkidle' });
         |                ^
      40 |     await page.waitForTimeout(2000);
      41 |     if (errors.length > 0) {
      42 |       console.log('Detected Console Errors:', JSON.stringify(errors, null, 2));
        at E:\findtorontoevents_antigravity.ca\events-loading.spec.ts:39:16

    attachment #1: screenshot (image/png) ÔöÇÔöÇÔöÇÔöÇÔöÇÔöÇÔöÇÔöÇÔöÇÔöÇÔöÇÔöÇÔöÇÔöÇÔöÇÔöÇÔöÇÔöÇÔöÇÔöÇÔöÇÔöÇÔöÇÔöÇÔöÇÔöÇÔöÇÔöÇÔöÇÔöÇÔöÇÔöÇÔöÇÔöÇÔöÇÔöÇÔöÇÔöÇÔöÇÔöÇÔöÇÔöÇÔöÇÔöÇÔöÇÔöÇÔöÇÔöÇÔöÇÔöÇÔöÇÔöÇÔöÇÔöÇÔöÇÔöÇÔöÇÔöÇ
    test-results\events-loading-Events-load-97f85-itical-JS-errors-in-console\test-failed-1.png
    ÔöÇÔöÇÔöÇÔöÇÔöÇÔöÇÔöÇÔöÇÔöÇÔöÇÔöÇÔöÇÔöÇÔöÇÔöÇÔöÇÔöÇÔöÇÔöÇÔöÇÔöÇÔöÇÔöÇÔöÇÔöÇÔöÇÔöÇÔöÇÔöÇÔöÇÔöÇÔöÇÔöÇÔöÇÔöÇÔöÇÔöÇÔöÇÔöÇÔöÇÔöÇÔöÇÔöÇÔöÇÔöÇÔöÇÔöÇÔöÇÔöÇÔöÇÔöÇÔöÇÔöÇÔöÇÔöÇÔöÇÔöÇÔöÇÔöÇÔöÇÔöÇÔöÇÔöÇÔöÇÔöÇÔöÇÔöÇÔöÇÔöÇÔöÇÔöÇÔöÇÔöÇÔöÇÔöÇÔöÇÔöÇÔöÇÔöÇÔöÇÔöÇÔöÇÔöÇÔöÇÔöÇÔöÇÔöÇÔöÇÔöÇÔöÇÔöÇÔöÇÔöÇÔöÇÔöÇÔöÇ


[1A[2K  4 failed
    events-loading.spec.ts:8:7 ÔÇ║ Events loading at http://127.0.0.1:123/ ÔÇ║ page loads and events grid exists 
    events-loading.spec.ts:14:7 ÔÇ║ Events loading at http://127.0.0.1:123/ ÔÇ║ React app shows real event cards (links to events) 
    events-loading.spec.ts:23:7 ÔÇ║ Events loading at http://127.0.0.1:123/ ÔÇ║ full UI has filter/search (GLOBAL FEED or search bar) 
    events-loading.spec.ts:30:7 ÔÇ║ Events loading at http://127.0.0.1:123/ ÔÇ║ no critical JS errors in console 
