  [PATTERN] Loaded 260 patterns from E:\findtorontoevents_antigravity.ca\alpha_engine\data\pattern_stats.json
2026-03-26 10:12:43,741 [crypto_risk_gates] FORCE_CLOSED 7 picks from toxic strategy: forex_rsi2_mean_reversion
2026-03-26 10:12:43,741 [crypto_risk_gates] FORCE_CLOSED 6 picks from toxic strategy: binance_smart_money
2026-03-26 10:12:43,741 [crypto_risk_gates] FORCE_CLOSED 4 picks from toxic strategy: futures_momentum
2026-03-26 10:12:43,825 [universe_expander] [UNIVERSE EXPANDER] Current universe: 140 symbols
2026-03-26 10:12:43,905 [universe_expander]   Trending: RAINUSDT (Rain, MCap rank #25)
2026-03-26 10:12:43,905 [universe_expander]   Trending: TAOUSDT (Bittensor, MCap rank #33)
2026-03-26 10:12:43,905 [universe_expander]   Trending: KATUSDT (Katana, MCap rank #599)
2026-03-26 10:12:43,905 [universe_expander]   Trending: SIRENUSDT (Siren, MCap rank #55)
2026-03-26 10:12:43,905 [universe_expander]   Trending: BTCUSDT (Bitcoin, MCap rank #1)
2026-03-26 10:12:43,905 [universe_expander]   Trending: BPUSDT (Backpack, MCap rank #532)
2026-03-26 10:12:43,905 [universe_expander]   Trending: XAUTUSDT (Tether Gold, MCap rank #38)
2026-03-26 10:12:43,905 [universe_expander]   Trending: PENGUUSDT (Pudgy Penguins, MCap rank #105)
2026-03-26 10:12:43,905 [universe_expander]   Trending: MONUSDT (Monad, MCap rank #140)
2026-03-26 10:12:43,905 [universe_expander]   Trending: ONDOUSDT (Ondo, MCap rank #61)
2026-03-26 10:12:43,905 [universe_expander]   Trending: SOLUSDT (Solana, MCap rank #7)
2026-03-26 10:12:43,905 [universe_expander]   Trending: HYPEUSDT (Hyperliquid, MCap rank #14)
2026-03-26 10:12:43,905 [universe_expander]   Trending: NKNUSDT (NKN, MCap rank #881)
2026-03-26 10:12:43,905 [universe_expander]   Trending: VIRTUALUSDT (Virtuals Protocol, MCap rank #104)
2026-03-26 10:12:43,905 [universe_expander]   Trending: VVVUSDT (Venice Token, MCap rank #134)
2026-03-26 10:12:43,905 [universe_expander] [TRENDING] Found 15 trending coins
2026-03-26 10:12:45,608 [universe_expander] [GAINERS] Top gainer: KATUSDT (+31.3%)
2026-03-26 10:12:45,608 [universe_expander] [GAINERS] Found 50 top gainers (24h)
2026-03-26 10:12:48,068 [universe_expander] [NEW LISTINGS] 436 active USDT pairs on Binance
2026-03-26 10:14:21,911 [universe_expander] [NEW LISTINGS] Found 0 new listings in last 30 days (checked 120 pairs)
2026-03-26 10:14:21,947 [universe_expander] [UNIVERSE EXPANDER] Expanded by 47 symbols (8 trending, 0 new listings, 41 gainers)
2026-03-26 10:14:23,850 [universe_expander] [CANDIDATES] 61 gainer candidates with >$500K volume
2026-03-26 10:14:26,339 [alpha_engine.fast_regime] FGI override applied: FGI override: 10 (Extreme Fear) forced RANGING->BEAR
  [CALIBRATION] platt on 456 picks: ECE=0.0329
  [DRIFT] ** MODEL DRIFT DETECTED ** ECE increased 548% -- consider retraining
  [DAILY LIMIT] Blocked: DAILY_CLOSE (realized=-107.06%)

[RISK] Daily loss limit hit -- blocking new pick generation for today.
  [FORCE_CLOSE] 7 picks closed from forex_rsi2_mean_reversion
  [FORCE_CLOSE] 6 picks closed from binance_smart_money
  [FORCE_CLOSE] 4 picks closed from futures_momentum
  [FORCE_CLOSE] Total: 17 toxic picks force-closed, 54 clean picks remain

[TOXIC] Force-closed 17 picks from hard-kill strategies

[ANOMALY] Running prediction anomaly detector...
  [ANOMALY] 3 CRITICAL alert(s) -- portfolio sizing reduced to 50%
  [ANOMALY] 5 alert(s): 3 CRITICAL, 2 WARNING, 0 INFO
  [ANOMALY] Sizing multiplier = 0.5 (CRITICAL alerts active)

[UNIVERSE] Running dynamic symbol rotation...
  [UNIVERSE] Cached swap: removed ['MEME-USD', 'MAV-USD', 'NOT-USD'], added ['RAIN-USD', 'TAO-USD', 'PENGU-USD']
  Universe swap: removed MEME-USD, MAV-USD, NOT-USD -- added RAIN-USD, TAO-USD, PENGU-USD
  [MISSED-OPP] Added 20 symbols from analyzer: BTRUSDT, CYSUSDT, DAOUSDT, RIVERUSDT, JCTUSDT...
  [UNIVERSE] Expanded by 30 symbols (8 trending, 0 new listings, 41 gainers)
[CONTEXT] Fetching market context...
  [FAST REGIME] FGI override: 10 (Extreme Fear) forced RANGING->BEAR
  [FAST REGIME] BTCUSDT: BEAR (score=0, conf=70%) funding=NEUTRAL premium=NEUTRAL momentum=NEUTRAL fgi=10 [653ms]
  BTC=$69576.79  ETH=$2078.72  F&G=10  Regime=capitulation  FastRegime=BEAR
  Cycle: Decline  Season: NEUTRAL  DOW: BEARISH

[CYCLE] Running forward validator full cycle...

[GENERATE] Running scanner...
2026-03-26 10:14:28,530 [kill_switch] KILL SWITCH TRIGGERED: severity=critical, reason=Rolling 20-trade WR: 0/20 (0%) -- baseline ~35%
object address  : 0000021F22FDFBE0
object refcount : 3
object type     : 00007FFC1D6911F0
object type name: ValueError
object repr     : ValueError('I/O operation on closed file.')
lost sys.stderr
