WARNING: Correlation audit: 39 pairs with |r| > 0.85 -- health=critical
INFO: Feature health report saved: score=0.44 (17/39 alive)
  [ML] Loaded saved model from rf_model.pkl (features=39, ensemble=[CatBoost], trained_at=2026-03-24T03:41:49.140316+00:00)

=== Feature Health Report ===
Generated: 2026-03-26T12:00:30.860721+00:00
Total features: 39
Alive: 17
Dead: 22
Health score: 43.59%
Picks analyzed: 471
Picks with features: 471

Recommendations (70):
  - 'strategy_win_rate' is constant -- consider removing or fixing data source
  - 'strategy_sharpe' is constant -- consider removing or fixing data source
  - 'strategy_closed_picks' is constant -- consider removing or fixing data source
  - 'hour_utc' appears stale (last 20 values identical)
  - 'hour_sin' appears stale (last 20 values identical)
  - 'funding_rate_raw' is 95% zero -- extraction may be broken
  - 'funding_z_30d' is constant -- consider removing or fixing data source
  - 'funding_persistence' is constant -- consider removing or fixing data source
  - 'orderbook_imbalance' is 100% zero -- extraction may be broken
  - 'vpin_toxicity' is constant -- consider removing or fixing data source
  - 'funding_rate_norm' is 95% zero -- extraction may be broken
  - 'obi_delta_5' is constant -- consider removing or fixing data source
  - 'obi_delta_15' is constant -- consider removing or fixing data source
  - 'obi_acceleration' is constant -- consider removing or fixing data source
  - 'fear_greed_norm' appears stale (last 20 values identical)
  - 'cs_momentum_rank' is constant -- consider removing or fixing data source
  - 'cs_relative_strength' is constant -- consider removing or fixing data source
  - 'cs_dispersion' is constant -- consider removing or fixing data source
  - 'cs_leader_lag' is constant -- consider removing or fixing data source
  - 'close_to_vwap' is constant -- consider removing or fixing data source
  - 'garman_klass_vol' is constant -- consider removing or fixing data source
  - 'fng_gradient' is constant -- consider removing or fixing data source
  - 'mom30' is 100% zero -- extraction may be broken
  - 'rsi30' appears stale (last 20 values identical)
  - 'macd_hist_norm' is constant -- consider removing or fixing data source
  - 'stoch_k30' appears stale (last 20 values identical)
  - 'stoch_d30' appears stale (last 20 values identical)
  - 'cci20_norm' is 100% zero -- extraction may be broken
  - 'williams_r' appears stale (last 20 values identical)
  - High correlation: 'risk_reward' x 'risk_reward_raw' |r|=1.000 -- consider removing one
  - High correlation: 'sl_distance_pct' x 'tp_distance_pct' |r|=0.979 -- consider removing one
  - High correlation: 'funding_rate_raw' x 'funding_rate_norm' |r|=1.000 -- consider removing one
  - High correlation: 'orderbook_imbalance' x 'fear_greed_norm' |r|=1.000 -- consider removing one
  - High correlation: 'orderbook_imbalance' x 'mom30' |r|=1.000 -- consider removing one
  - High correlation: 'orderbook_imbalance' x 'rsi30' |r|=1.000 -- consider removing one
  - High correlation: 'orderbook_imbalance' x 'macd_hist_norm' |r|=1.000 -- consider removing one
  - High correlation: 'orderbook_imbalance' x 'stoch_k30' |r|=1.000 -- consider removing one
  - High correlation: 'orderbook_imbalance' x 'stoch_d30' |r|=1.000 -- consider removing one
  - High correlation: 'orderbook_imbalance' x 'cci20_norm' |r|=1.000 -- consider removing one
  - High correlation: 'orderbook_imbalance' x 'williams_r' |r|=1.000 -- consider removing one
  - High correlation: 'fear_greed_norm' x 'mom30' |r|=1.000 -- consider removing one
  - High correlation: 'fear_greed_norm' x 'rsi30' |r|=1.000 -- consider removing one
  - High correlation: 'fear_greed_norm' x 'macd_hist_norm' |r|=1.000 -- consider removing one
  - High correlation: 'fear_greed_norm' x 'stoch_k30' |r|=1.000 -- consider removing one
  - High correlation: 'fear_greed_norm' x 'stoch_d30' |r|=1.000 -- consider removing one
  - High correlation: 'fear_greed_norm' x 'cci20_norm' |r|=1.000 -- consider removing one
  - High correlation: 'fear_greed_norm' x 'williams_r' |r|=1.000 -- consider removing one
  - High correlation: 'mom30' x 'rsi30' |r|=1.000 -- consider removing one
  - High correlation: 'mom30' x 'macd_hist_norm' |r|=1.000 -- consider removing one
  - High correlation: 'mom30' x 'stoch_k30' |r|=1.000 -- consider removing one
  - High correlation: 'mom30' x 'stoch_d30' |r|=1.000 -- consider removing one
  - High correlation: 'mom30' x 'cci20_norm' |r|=1.000 -- consider removing one
  - High correlation: 'mom30' x 'williams_r' |r|=1.000 -- consider removing one
  - High correlation: 'rsi30' x 'macd_hist_norm' |r|=1.000 -- consider removing one
  - High correlation: 'rsi30' x 'stoch_k30' |r|=1.000 -- consider removing one
  - High correlation: 'rsi30' x 'stoch_d30' |r|=1.000 -- consider removing one
  - High correlation: 'rsi30' x 'cci20_norm' |r|=1.000 -- consider removing one
  - High correlation: 'rsi30' x 'williams_r' |r|=1.000 -- consider removing one
  - High correlation: 'macd_hist_norm' x 'stoch_k30' |r|=1.000 -- consider removing one
  - High correlation: 'macd_hist_norm' x 'stoch_d30' |r|=1.000 -- consider removing one
  - High correlation: 'macd_hist_norm' x 'cci20_norm' |r|=1.000 -- consider removing one
  - High correlation: 'macd_hist_norm' x 'williams_r' |r|=1.000 -- consider removing one
  - High correlation: 'stoch_k30' x 'stoch_d30' |r|=1.000 -- consider removing one
  - High correlation: 'stoch_k30' x 'cci20_norm' |r|=1.000 -- consider removing one
  - High correlation: 'stoch_k30' x 'williams_r' |r|=1.000 -- consider removing one
  - High correlation: 'stoch_d30' x 'cci20_norm' |r|=1.000 -- consider removing one
  - High correlation: 'stoch_d30' x 'williams_r' |r|=1.000 -- consider removing one
  - High correlation: 'cci20_norm' x 'williams_r' |r|=1.000 -- consider removing one
  - Data quality: Price jump anomalies: 43 instances
  - Data quality: Volume anomalies: 2 picks above 3-sigma

Per-feature status:
  [+] strategy_encoded               healthy         (n=471, var=0.089403, %zero=2%)
  [+] confidence                     healthy         (n=471, var=0.038287, %zero=0%)
  [+] volume_ratio                   healthy         (n=471, var=0.013439, %zero=0%)
  [+] risk_reward                    healthy         (n=471, var=0.005930, %zero=0%)
  [+] direction_encoded              healthy         (n=471, var=0.761079, %zero=0%)
  [X] strategy_win_rate              dead_constant   (n=471, var=0.000000, %zero=0%)
  [X] strategy_sharpe                dead_constant   (n=471, var=0.000000, %zero=100%)
  [X] strategy_closed_picks          dead_constant   (n=471, var=0.000000, %zero=100%)
  [~] hour_utc                       stale           (n=471, var=0.075857, %zero=13%)
  [~] hour_sin                       stale           (n=471, var=0.270571, %zero=17%)
  [+] hour_x_vol                     healthy         (n=471, var=0.001486, %zero=17%)
  [+] sl_distance_pct                healthy         (n=471, var=0.002342, %zero=0%)
  [+] tp_distance_pct                healthy         (n=471, var=0.008162, %zero=0%)
  [+] rr_asymmetry                   healthy         (n=471, var=0.014313, %zero=0%)
  [X] funding_rate_raw               mostly_zero     (n=471, var=0.000338, %zero=95%)
  [X] funding_z_30d                  dead_constant   (n=471, var=0.000000, %zero=100%)
  [X] funding_persistence            dead_constant   (n=471, var=0.000000, %zero=100%)
  [X] orderbook_imbalance            mostly_zero     (n=471, var=0.000069, %zero=100%)
  [X] vpin_toxicity                  dead_constant   (n=471, var=0.000000, %zero=0%)
  [X] funding_rate_norm              mostly_zero     (n=471, var=0.000338, %zero=95%)
  [X] obi_delta_5                    dead_constant   (n=471, var=0.000000, %zero=100%)
  [X] obi_delta_15                   dead_constant   (n=471, var=0.000000, %zero=100%)
  [X] obi_acceleration               dead_constant   (n=471, var=0.000000, %zero=100%)
  [~] fear_greed_norm                stale           (n=471, var=0.000323, %zero=0%)
  [X] cs_momentum_rank               dead_constant   (n=471, var=0.000000, %zero=0%)
  [X] cs_relative_strength           dead_constant   (n=471, var=0.000000, %zero=100%)
  [X] cs_dispersion                  dead_constant   (n=471, var=0.000000, %zero=0%)
  [X] cs_leader_lag                  dead_constant   (n=471, var=0.000000, %zero=100%)
  [X] close_to_vwap                  dead_constant   (n=471, var=0.000000, %zero=100%)
  [X] garman_klass_vol               dead_constant   (n=471, var=0.000000, %zero=100%)
  [X] fng_gradient                   dead_constant   (n=471, var=0.000000, %zero=100%)
  [+] risk_reward_raw                healthy         (n=471, var=0.001483, %zero=0%)
  [X] mom30                          mostly_zero     (n=471, var=0.000033, %zero=100%)
  [~] rsi30                          stale           (n=471, var=0.000053, %zero=0%)
  [X] macd_hist_norm                 dead_constant   (n=471, var=0.000000, %zero=100%)
  [~] stoch_k30                      stale           (n=471, var=0.000423, %zero=0%)
  [~] stoch_d30                      stale           (n=471, var=0.000432, %zero=0%)
  [X] cci20_norm                     mostly_zero     (n=471, var=0.002123, %zero=100%)
  [~] williams_r                     stale           (n=471, var=0.000375, %zero=0%)
