2026-03-26 08:04:23,612 [INFO] Analyzing Kalshi series KXBTC15M (BTCUSDT 15m)...
2026-03-26 08:04:24,564 [INFO] Analyzing Kalshi series KXBTC (BTCUSDT 1h)...
2026-03-26 08:04:26,211 [INFO] Analyzing Kalshi series KXBTCD (BTCUSDT 1d)...
2026-03-26 08:04:27,913 [INFO] Analyzing Kalshi series BTCD (BTCUSDT 1d)...
2026-03-26 08:04:28,319 [INFO] Analyzing Kalshi series KXBTCMAXW (BTCUSDT 1w)...
2026-03-26 08:04:28,706 [INFO] Analyzing Kalshi series KXBTCMAXM (BTCUSDT 1M)...
2026-03-26 08:04:29,117 [INFO] Analyzing Kalshi series BTCMAXM (BTCUSDT 1M)...
2026-03-26 08:04:29,501 [INFO] Analyzing Kalshi series KXBTCMAXY (BTCUSDT 1y)...
2026-03-26 08:04:30,299 [INFO] Analyzing Kalshi series KXBTCMINY (BTCUSDT 1y)...
2026-03-26 08:04:31,072 [INFO] Analyzing Kalshi series KXBTCATH (BTCUSDT event)...
2026-03-26 08:04:31,467 [INFO] Analyzing Kalshi series KXETH15M (ETHUSDT 15m)...
2026-03-26 08:04:32,255 [INFO] Analyzing Kalshi series KXETH (ETHUSDT 1h)...
2026-03-26 08:04:33,897 [INFO] Analyzing Kalshi series KXETHD (ETHUSDT 1d)...
2026-03-26 08:04:35,501 [INFO] Analyzing Kalshi series ETHD (ETHUSDT 1d)...
2026-03-26 08:04:35,887 [INFO] Analyzing Kalshi series KXSOL15M (SOLUSDT 15m)...
2026-03-26 08:04:36,680 [INFO] Analyzing Kalshi series KXSOL (SOLUSDT 1h)...
2026-03-26 08:04:37,063 [INFO] Analyzing Kalshi series KXSOLD (SOLUSDT 1d)...
2026-03-26 08:04:38,688 [INFO] Analyzing Kalshi series KXDOGE15M (DOGEUSDT 15m)...
2026-03-26 08:04:39,487 [INFO] Analyzing Kalshi series KXDOGE (DOGEUSDT 1h)...
2026-03-26 08:04:41,164 [INFO] Analyzing Kalshi series KXDOGED (DOGEUSDT 1d)...
2026-03-26 08:04:42,763 [INFO] Analyzing Kalshi series KXXRP15M (XRPUSDT 15m)...
2026-03-26 08:04:43,539 [INFO] Analyzing Kalshi series KXXRP (XRPUSDT 1h)...
2026-03-26 08:04:45,210 [INFO] Analyzing Kalshi series KXXRPD (XRPUSDT 1d)...
2026-03-26 08:04:46,818 [INFO] Analyzing Kalshi series KXAVAX (AVAXUSDT 1h)...
2026-03-26 08:04:47,218 [INFO] Analyzing Kalshi series KXAVAXD (AVAXUSDT 1d)...
2026-03-26 08:04:47,626 [INFO] Analyzing Kalshi series KXLINK (LINKUSDT 1h)...
2026-03-26 08:04:48,010 [INFO] Analyzing Kalshi series KXLINKD (LINKUSDT 1d)...
2026-03-26 08:04:48,418 [INFO] Analyzing Kalshi series KXDOT (DOTUSDT 1h)...
2026-03-26 08:04:48,823 [INFO] Analyzing Kalshi series KXDOTD (DOTUSDT 1d)...
2026-03-26 08:04:49,208 [INFO] Analyzing Kalshi series KXLTC (LTCUSDT 1h)...
2026-03-26 08:04:49,593 [INFO] Analyzing Kalshi series KXLTCD (LTCUSDT 1d)...
2026-03-26 08:04:49,977 [INFO] Analyzing Kalshi series KXBNB15M (BNBUSDT 15m)...
2026-03-26 08:04:50,748 [INFO] Analyzing Kalshi series KXADA15M (ADAUSDT 15m)...
2026-03-26 08:04:51,131 [INFO] Analyzing Kalshi series KXHYPE15M (HYPEUSDT 15m)...
2026-03-26 08:04:51,904 [INFO] Analyzing Kalshi series KXSHIBA (SHIBUSDT 1h)...
2026-03-26 08:04:52,686 [INFO] Analyzing Kalshi series KXSHIBAD (SHIBUSDT 1d)...
2026-03-26 08:04:53,502 [INFO] Kalshi: generated 0 consensus signals from 13 symbols
2026-03-26 08:04:53,502 [INFO] Analyzing Kalshi series KXBTC15M (BTCUSDT 15m)...
2026-03-26 08:04:54,317 [INFO] Analyzing Kalshi series KXBTC (BTCUSDT 1h)...
2026-03-26 08:04:55,929 [INFO] Analyzing Kalshi series KXBTCD (BTCUSDT 1d)...
2026-03-26 08:04:57,520 [INFO] Analyzing Kalshi series BTCD (BTCUSDT 1d)...
2026-03-26 08:04:57,907 [INFO] Analyzing Kalshi series KXBTCMAXW (BTCUSDT 1w)...
2026-03-26 08:04:58,294 [INFO] Analyzing Kalshi series KXBTCMAXM (BTCUSDT 1M)...
2026-03-26 08:04:58,692 [INFO] Analyzing Kalshi series BTCMAXM (BTCUSDT 1M)...
2026-03-26 08:04:59,077 [INFO] Analyzing Kalshi series KXBTCMAXY (BTCUSDT 1y)...
2026-03-26 08:04:59,849 [INFO] Analyzing Kalshi series KXBTCMINY (BTCUSDT 1y)...
2026-03-26 08:05:00,623 [INFO] Analyzing Kalshi series KXBTCATH (BTCUSDT event)...
2026-03-26 08:05:01,008 [INFO] Analyzing Kalshi series KXETH15M (ETHUSDT 15m)...
2026-03-26 08:05:01,800 [INFO] Analyzing Kalshi series KXETH (ETHUSDT 1h)...
2026-03-26 08:05:03,478 [INFO] Analyzing Kalshi series KXETHD (ETHUSDT 1d)...
2026-03-26 08:05:05,090 [INFO] Analyzing Kalshi series ETHD (ETHUSDT 1d)...
2026-03-26 08:05:05,475 [INFO] Analyzing Kalshi series KXSOL15M (SOLUSDT 15m)...
2026-03-26 08:05:06,260 [INFO] Analyzing Kalshi series KXSOL (SOLUSDT 1h)...
2026-03-26 08:05:06,657 [INFO] Analyzing Kalshi series KXSOLD (SOLUSDT 1d)...
2026-03-26 08:05:08,248 [INFO] Analyzing Kalshi series KXDOGE15M (DOGEUSDT 15m)...
2026-03-26 08:05:09,052 [INFO] Analyzing Kalshi series KXDOGE (DOGEUSDT 1h)...
2026-03-26 08:05:10,638 [INFO] Analyzing Kalshi series KXDOGED (DOGEUSDT 1d)...
2026-03-26 08:05:12,222 [INFO] Analyzing Kalshi series KXXRP15M (XRPUSDT 15m)...
2026-03-26 08:05:13,002 [INFO] Analyzing Kalshi series KXXRP (XRPUSDT 1h)...
2026-03-26 08:05:14,614 [INFO] Analyzing Kalshi series KXXRPD (XRPUSDT 1d)...
2026-03-26 08:05:16,198 [INFO] Analyzing Kalshi series KXAVAX (AVAXUSDT 1h)...
2026-03-26 08:05:16,583 [INFO] Analyzing Kalshi series KXAVAXD (AVAXUSDT 1d)...
2026-03-26 08:05:16,966 [INFO] Analyzing Kalshi series KXLINK (LINKUSDT 1h)...
2026-03-26 08:05:17,350 [INFO] Analyzing Kalshi series KXLINKD (LINKUSDT 1d)...
2026-03-26 08:05:17,796 [INFO] Analyzing Kalshi series KXDOT (DOTUSDT 1h)...
2026-03-26 08:05:18,210 [INFO] Analyzing Kalshi series KXDOTD (DOTUSDT 1d)...
2026-03-26 08:05:18,595 [INFO] Analyzing Kalshi series KXLTC (LTCUSDT 1h)...
2026-03-26 08:05:18,978 [INFO] Analyzing Kalshi series KXLTCD (LTCUSDT 1d)...
2026-03-26 08:05:19,361 [INFO] Analyzing Kalshi series KXBNB15M (BNBUSDT 15m)...
2026-03-26 08:05:20,151 [INFO] Analyzing Kalshi series KXADA15M (ADAUSDT 15m)...
2026-03-26 08:05:20,537 [INFO] Analyzing Kalshi series KXHYPE15M (HYPEUSDT 15m)...
2026-03-26 08:05:21,351 [INFO] Analyzing Kalshi series KXSHIBA (SHIBUSDT 1h)...
2026-03-26 08:05:22,144 [INFO] Analyzing Kalshi series KXSHIBAD (SHIBUSDT 1d)...
2026-03-26 08:05:22,975 [INFO] Kalshi: generated 0 consensus signals from 13 symbols
2026-03-26 08:05:22,975 [INFO] Generated 0 Kalshi picks
2026-03-26 08:05:22,975 [INFO] Saved 0 Kalshi picks to e:\findtorontoevents_antigravity.ca\alpha_engine\data\kalshi_signals.json
======================================================================
  Kalshi Prediction Market Signals ù Multi-Timeframe Consensus
======================================================================

[1/3] Fetching Kalshi crypto series (BTC, ETH, SOL...)...
      Generated 0 consensus signals


[2/3] Generating picks...
      0 picks generated

[3/3] Saving to kalshi_signals.json...
      Saved to e:\findtorontoevents_antigravity.ca\alpha_engine\data\kalshi_signals.json

======================================================================
  Done. 0 Kalshi signals saved.
======================================================================
