2026-04-04 16:47:47,045 [INFO] Connected to Redis Bus on channel: alpha_engine_bus
2026-04-04 16:47:47,048 [INFO] Broadcasted STRATEGY_SYNC: Institutional Sync: 5 Production, 5 Rehab Candidates
2026-04-04 16:47:47,049 [INFO] Broadcasted WHALE_INTEL: WCI Update: 3 symbols indexed
2026-04-04 16:47:52,663 [INFO] Connected to Redis Bus on channel: alpha_engine_bus
2026-04-04 16:47:52,665 [INFO] Broadcasted STRATEGY_SYNC: Institutional Sync: 5 Production, 5 Rehab Candidates
2026-04-04 16:47:52,665 [INFO] Broadcasted WHALE_INTEL: WCI Update: 3 symbols indexed
2026-04-04 16:47:52,912 [INFO] Connected to Redis Bus on channel: alpha_engine_bus
2026-04-04 16:47:52,914 [INFO] Broadcasted STRATEGY_SYNC: Institutional Sync: 5 Production, 5 Rehab Candidates
2026-04-04 16:47:52,919 [INFO] Broadcasted WHALE_INTEL: WCI Update: 3 symbols indexed
2026-04-04 16:47:53,189 [INFO] Connected to Redis Bus on channel: alpha_engine_bus
2026-04-04 16:47:53,191 [INFO] Broadcasted STRATEGY_SYNC: Institutional Sync: 5 Production, 5 Rehab Candidates
2026-04-04 16:47:53,191 [INFO] Broadcasted WHALE_INTEL: WCI Update: 3 symbols indexed
2026-04-04 16:47:53,430 [INFO] Connected to Redis Bus on channel: alpha_engine_bus
2026-04-04 16:47:53,432 [INFO] Broadcasted STRATEGY_SYNC: Institutional Sync: 5 Production, 5 Rehab Candidates
2026-04-04 16:47:53,432 [INFO] Broadcasted WHALE_INTEL: WCI Update: 3 symbols indexed
2026-04-04 16:48:00,068 [INFO] Connected to Redis Bus on channel: alpha_engine_bus
2026-04-04 16:48:00,070 [INFO] Broadcasted STRATEGY_SYNC: Institutional Sync: 5 Production, 5 Rehab Candidates
2026-04-04 16:48:00,071 [INFO] Broadcasted WHALE_INTEL: WCI Update: 3 symbols indexed
2026-04-04 16:49:07,136 [INFO] Connected to Redis Bus on channel: alpha_engine_bus
2026-04-04 16:49:07,138 [INFO] Broadcasted STRATEGY_SYNC: Institutional Sync: 5 Production, 5 Rehab Candidates
2026-04-04 16:49:07,139 [INFO] Broadcasted WHALE_INTEL: WCI Update: 3 symbols indexed
2026-04-04 16:56:12,189 [INFO] Connected to Redis Bus on channel: alpha_engine_bus
2026-04-04 16:56:12,192 [INFO] Broadcasted STRATEGY_SYNC: Institutional Sync: 5 Production, 5 Rehab Candidates
2026-04-04 16:56:12,193 [INFO] Broadcasted WHALE_INTEL: WCI Update: 3 symbols indexed
2026-04-04 16:56:12,194 [INFO] Broadcasted SCRAPER_SYNC: Bitget Scraper Sync: 2 traders in cache
2026-04-04 16:56:12,194 [INFO] Broadcasted ALERT: Bitget Scraper HTTP 403
2026-04-05 09:09:57,297 [INFO] Connected to Redis Bus on channel: alpha_engine_bus
2026-04-05 09:09:57,299 [INFO] Broadcasted STRATEGY_SYNC: Institutional Sync: 5 Production, 5 Rehab Candidates
2026-04-05 09:09:57,300 [INFO] Broadcasted WHALE_INTEL: WCI Update: 3 symbols indexed
2026-04-05 09:09:57,301 [INFO] Broadcasted SCRAPER_SYNC: Bitget Scraper Sync: 2 traders in cache
2026-04-05 09:09:57,301 [INFO] Broadcasted ALERT: Bitget Scraper HTTP 403
2026-04-05 09:12:48,339 [INFO] Connected to Redis Bus on channel: alpha_engine_bus
2026-04-05 09:12:48,342 [INFO] Broadcasted STRATEGY_SYNC: Institutional Sync: 5 Production, 5 Rehab Candidates
2026-04-05 09:12:48,342 [INFO] Broadcasted WHALE_INTEL: WCI Update: 3 symbols indexed
2026-04-05 09:12:48,343 [INFO] Broadcasted SCRAPER_SYNC: Bitget Scraper Sync: 2 traders in cache
2026-04-05 09:12:48,343 [INFO] Broadcasted ALERT: Bitget Scraper HTTP 403
2026-04-05 09:17:26,680 [INFO] Connected to Redis Bus on channel: alpha_engine_bus
2026-04-05 09:17:26,682 [INFO] Broadcasted STRATEGY_SYNC: Institutional Sync: 5 Production, 5 Rehab Candidates
2026-04-05 09:17:26,682 [INFO] Broadcasted WHALE_INTEL: WCI Update: 3 symbols indexed
2026-04-05 09:17:26,683 [INFO] Broadcasted SCRAPER_SYNC: Bitget Scraper Sync: 2 traders in cache
2026-04-05 09:17:26,683 [INFO] Broadcasted ALERT: Bitget Scraper HTTP 403
2026-04-05 09:17:42,871 [INFO] Connected to Redis Bus on channel: alpha_engine_bus
2026-04-05 09:17:42,873 [INFO] Broadcasted STRATEGY_SYNC: Institutional Sync: 5 Production, 5 Rehab Candidates
2026-04-05 09:17:42,873 [INFO] Broadcasted WHALE_INTEL: WCI Update: 3 symbols indexed
2026-04-05 09:17:42,874 [INFO] Broadcasted SCRAPER_SYNC: Bitget Scraper Sync: 2 traders in cache
2026-04-05 09:17:42,874 [INFO] Broadcasted HARDENING_PLAN: Institutional-grade quality gates and risk policies active
2026-04-05 09:17:42,874 [INFO] Broadcasted ALERT: Bitget Scraper HTTP 403
